Archive member included to satisfy reference by file (symbol)

d:/mounriver/mounriver_studio/toolchain/risc-v embedded gcc/bin/../lib/gcc/riscv-none-embed/8.2.0/rv32imacxw/ilp32\libgcc.a(muldf3.o)
                              ./User/src/ch32v30x_it.o (__muldf3)
d:/mounriver/mounriver_studio/toolchain/risc-v embedded gcc/bin/../lib/gcc/riscv-none-embed/8.2.0/rv32imacxw/ilp32\libgcc.a(divsf3.o)
                              ./User/src/ch32v30x_it.o (__divsf3)
d:/mounriver/mounriver_studio/toolchain/risc-v embedded gcc/bin/../lib/gcc/riscv-none-embed/8.2.0/rv32imacxw/ilp32\libgcc.a(mulsf3.o)
                              ./User/src/ch32v30x_it.o (__mulsf3)
d:/mounriver/mounriver_studio/toolchain/risc-v embedded gcc/bin/../lib/gcc/riscv-none-embed/8.2.0/rv32imacxw/ilp32\libgcc.a(fixunssfsi.o)
                              ./App/LCD/lcd.o (__fixunssfsi)
d:/mounriver/mounriver_studio/toolchain/risc-v embedded gcc/bin/../lib/gcc/riscv-none-embed/8.2.0/rv32imacxw/ilp32\libgcc.a(floatunsisf.o)
                              ./User/src/ch32v30x_it.o (__floatunsisf)
d:/mounriver/mounriver_studio/toolchain/risc-v embedded gcc/bin/../lib/gcc/riscv-none-embed/8.2.0/rv32imacxw/ilp32\libgcc.a(extendsfdf2.o)
                              ./User/src/ch32v30x_it.o (__extendsfdf2)
d:/mounriver/mounriver_studio/toolchain/risc-v embedded gcc/bin/../lib/gcc/riscv-none-embed/8.2.0/rv32imacxw/ilp32\libgcc.a(truncdfsf2.o)
                              ./User/src/ch32v30x_it.o (__truncdfsf2)
d:/mounriver/mounriver_studio/toolchain/risc-v embedded gcc/bin/../lib/gcc/riscv-none-embed/8.2.0/rv32imacxw/ilp32\libgcc.a(save-restore.o)
                              ./App/LCD/lcd.o (__riscv_save_12)
d:/mounriver/mounriver_studio/toolchain/risc-v embedded gcc/bin/../lib/gcc/riscv-none-embed/8.2.0/rv32imacxw/ilp32\libgcc.a(_clzsi2.o)
                              d:/mounriver/mounriver_studio/toolchain/risc-v embedded gcc/bin/../lib/gcc/riscv-none-embed/8.2.0/rv32imacxw/ilp32\libgcc.a(muldf3.o) (__clzsi2)
d:/mounriver/mounriver_studio/toolchain/risc-v embedded gcc/bin/../lib/gcc/riscv-none-embed/8.2.0/rv32imacxw/ilp32\libgcc.a(_clz.o)
                              d:/mounriver/mounriver_studio/toolchain/risc-v embedded gcc/bin/../lib/gcc/riscv-none-embed/8.2.0/rv32imacxw/ilp32\libgcc.a(_clzsi2.o) (__clz_tab)
d:/mounriver/mounriver_studio/toolchain/risc-v embedded gcc/bin/../lib/gcc/riscv-none-embed/8.2.0/../../../../riscv-none-embed/lib/rv32imacxw/ilp32\libg_nano.a(lib_a-nano-vfprintf_float.o)
                              (_printf_float)
d:/mounriver/mounriver_studio/toolchain/risc-v embedded gcc/bin/../lib/gcc/riscv-none-embed/8.2.0/../../../../riscv-none-embed/lib/rv32imacxw/ilp32\libg_nano.a(lib_a-nano-vfprintf_i.o)
                              d:/mounriver/mounriver_studio/toolchain/risc-v embedded gcc/bin/../lib/gcc/riscv-none-embed/8.2.0/../../../../riscv-none-embed/lib/rv32imacxw/ilp32\libg_nano.a(lib_a-nano-vfprintf_float.o) (_printf_common)
d:/mounriver/mounriver_studio/toolchain/risc-v embedded gcc/bin/../lib/gcc/riscv-none-embed/8.2.0/../../../../riscv-none-embed/lib/rv32imacxw/ilp32\libg_nano.a(lib_a-printf.o)
                              ./User/src/ch32v30x_it.o (printf)
d:/mounriver/mounriver_studio/toolchain/risc-v embedded gcc/bin/../lib/gcc/riscv-none-embed/8.2.0/../../../../riscv-none-embed/lib/rv32imacxw/ilp32\libg_nano.a(lib_a-puts.o)
                              ./User/src/ch32v30x_it.o (puts)
d:/mounriver/mounriver_studio/toolchain/risc-v embedded gcc/bin/../lib/gcc/riscv-none-embed/8.2.0/../../../../riscv-none-embed/lib/rv32imacxw/ilp32\libg_nano.a(lib_a-strlen.o)
                              ./User/src/usart.o (strlen)
d:/mounriver/mounriver_studio/toolchain/risc-v embedded gcc/bin/../lib/gcc/riscv-none-embed/8.2.0/../../../../riscv-none-embed/lib/rv32imacxw/ilp32\libg_nano.a(lib_a-vsprintf.o)
                              ./User/src/usart.o (vsprintf)
d:/mounriver/mounriver_studio/toolchain/risc-v embedded gcc/bin/../lib/gcc/riscv-none-embed/8.2.0/../../../../riscv-none-embed/lib/rv32imacxw/ilp32\libg_nano.a(lib_a-wbuf.o)
                              d:/mounriver/mounriver_studio/toolchain/risc-v embedded gcc/bin/../lib/gcc/riscv-none-embed/8.2.0/../../../../riscv-none-embed/lib/rv32imacxw/ilp32\libg_nano.a(lib_a-puts.o) (__swbuf_r)
d:/mounriver/mounriver_studio/toolchain/risc-v embedded gcc/bin/../lib/gcc/riscv-none-embed/8.2.0/../../../../riscv-none-embed/lib/rv32imacxw/ilp32\libg_nano.a(lib_a-wsetup.o)
                              d:/mounriver/mounriver_studio/toolchain/risc-v embedded gcc/bin/../lib/gcc/riscv-none-embed/8.2.0/../../../../riscv-none-embed/lib/rv32imacxw/ilp32\libg_nano.a(lib_a-puts.o) (__swsetup_r)
d:/mounriver/mounriver_studio/toolchain/risc-v embedded gcc/bin/../lib/gcc/riscv-none-embed/8.2.0/../../../../riscv-none-embed/lib/rv32imacxw/ilp32\libg_nano.a(lib_a-dtoa.o)
[...]
Memory Configuration

Name             Origin             Length             Attributes
FLASH            0x0000000000000000 0x0000000000048000 xr
RAM              0x0000000020000000 0x0000000000008000 xrw
*default*        0x0000000000000000 0xffffffffffffffff

Linker script and memory map

LOAD ./User/src/adc.o
LOAD ./User/src/ch32v30x_it.o
LOAD ./User/src/dac.o
LOAD ./User/src/dma.o
LOAD ./User/src/exti.o
LOAD ./User/src/gpio.o
LOAD ./User/src/iic.o
LOAD ./User/src/main.o
LOAD ./User/src/nvic.o
LOAD ./User/src/spi.o
LOAD ./User/src/system_ch32v30x.o
LOAD ./User/src/tim.o
LOAD ./User/src/usart.o
LOAD ./Startup/startup_ch32v30x_D8C.o
LOAD ./Peripheral/src/ch32v30x_adc.o
LOAD ./Peripheral/src/ch32v30x_bkp.o
LOAD ./Peripheral/src/ch32v30x_can.o
LOAD ./Peripheral/src/ch32v30x_crc.o
LOAD ./Peripheral/src/ch32v30x_dac.o
LOAD ./Peripheral/src/ch32v30x_dbgmcu.o
LOAD ./Peripheral/src/ch32v30x_dma.o
LOAD ./Peripheral/src/ch32v30x_dvp.o
LOAD ./Peripheral/src/ch32v30x_eth.o
LOAD ./Peripheral/src/ch32v30x_exti.o
LOAD ./Peripheral/src/ch32v30x_flash.o
LOAD ./Peripheral/src/ch32v30x_fsmc.o
LOAD ./Peripheral/src/ch32v30x_gpio.o
LOAD ./Peripheral/src/ch32v30x_i2c.o
LOAD ./Peripheral/src/ch32v30x_iwdg.o
LOAD ./Peripheral/src/ch32v30x_misc.o
LOAD ./Peripheral/src/ch32v30x_opa.o
LOAD ./Peripheral/src/ch32v30x_pwr.o
LOAD ./Peripheral/src/ch32v30x_rcc.o
LOAD ./Peripheral/src/ch32v30x_rng.o
LOAD ./Peripheral/src/ch32v30x_rtc.o
LOAD ./Peripheral/src/ch32v30x_sdio.o
LOAD ./Peripheral/src/ch32v30x_spi.o
LOAD ./Peripheral/src/ch32v30x_tim.o
LOAD ./Peripheral/src/ch32v30x_usart.o
LOAD ./Peripheral/src/ch32v30x_wwdg.o
LOAD ./Debug/debug.o
LOAD ./Core/core_riscv.o
LOAD ./App/W25Q/w25q.o
LOAD ./App/LCD/lcd.o
LOAD ./App/LCD/lcd_init.o
LOAD ./App/AT24CX/at24cx.o
LOAD d:/mounriver/mounriver_studio/toolchain/risc-v embedded gcc/bin/../lib/gcc/riscv-none-embed/8.2.0/../../../../riscv-none-embed/lib/rv32imacxw/ilp32\libm.a
LOAD d:/mounriver/mounriver_studio/toolchain/risc-v embedded gcc/bin/../lib/gcc/riscv-none-embed/8.2.0/rv32imacxw/ilp32\libgcc.a
LOAD d:/mounriver/mounriver_studio/toolchain/risc-v embedded gcc/bin/../lib/gcc/riscv-none-embed/8.2.0/../../../../riscv-none-embed/lib/rv32imacxw/ilp32\libg_nano.a
LOAD d:/mounriver/mounriver_studio/toolchain/risc-v embedded gcc/bin/../lib/gcc/riscv-none-embed/8.2.0/../../../../riscv-none-embed/lib/rv32imacxw/ilp32\libc_nano.a
LOAD d:/mounriver/mounriver_studio/toolchain/risc-v embedded gcc/bin/../lib/gcc/riscv-none-embed/8.2.0/rv32imacxw/ilp32\libgcc.a
START GROUP
LOAD d:/mounriver/mounriver_studio/toolchain/risc-v embedded gcc/bin/../lib/gcc/riscv-none-embed/8.2.0/rv32imacxw/ilp32\libgcc.a
LOAD d:/mounriver/mounriver_studio/toolchain/risc-v embedded gcc/bin/../lib/gcc/riscv-none-embed/8.2.0/../../../../riscv-none-embed/lib/rv32imacxw/ilp32\libc_nano.a
LOAD d:/mounriver/mounriver_studio/toolchain/risc-v embedded gcc/bin/../lib/gcc/riscv-none-embed/8.2.0/../../../../riscv-none-embed/lib/rv32imacxw/ilp32\libnosys.a
END GROUP
START GROUP
LOAD d:/mounriver/mounriver_studio/toolchain/risc-v embedded gcc/bin/../lib/gcc/riscv-none-embed/8.2.0/rv32imacxw/ilp32\libgcc.a
LOAD d:/mounriver/mounriver_studio/toolchain/risc-v embedded gcc/bin/../lib/gcc/riscv-none-embed/8.2.0/../../../../riscv-none-embed/lib/rv32imacxw/ilp32\libc_nano.a
LOAD d:/mounriver/mounriver_studio/toolchain/risc-v embedded gcc/bin/../lib/gcc/riscv-none-embed/8.2.0/../../../../riscv-none-embed/lib/rv32imacxw/ilp32\libnosys.a
END GROUP
                0x0000000000000800                __stack_size = 0x800
                [!provide]                        PROVIDE (_stack_size = __stack_size)

.init           0x0000000000000000       0x38
                0x0000000000000000                _sinit = .
                0x0000000000000000                . = ALIGN (0x4)
 *(SORT_NONE(.init))
 .init          0x0000000000000000       0x38 ./Startup/startup_ch32v30x_D8C.o
                0x0000000000000000                _start
                0x0000000000000038                . = ALIGN (0x4)
                0x0000000000000038                _einit = .

.vector         0x0000000000000038      0x1c8
 *(.vector)
 .vector        0x0000000000000038      0x1a0 ./Startup/startup_ch32v30x_D8C.o
                0x0000000000000200                . = ALIGN (0x40)
 *fill*         0x00000000000001d8       0x28 

.text           0x0000000000000200     0x6ffc
                0x0000000000000200                . = ALIGN (0x4)
 *(.text)
 .text          0x0000000000000200       0x60 d:/mounriver/mounriver_studio/toolchain/risc-v embedded gcc/bin/../lib/gcc/riscv-none-embed/8.2.0/rv32imacxw/ilp32\libgcc.a(save-restore.o)
                0x0000000000000200                __riscv_save_12
                0x0000000000000208                __riscv_save_9
                0x0000000000000208                __riscv_save_11
                0x0000000000000208                __riscv_save_10
                0x0000000000000208                __riscv_save_8
                0x0000000000000216                __riscv_save_4
                0x0000000000000216                __riscv_save_6
                0x0000000000000216                __riscv_save_5
                0x0000000000000216                __riscv_save_7
                0x0000000000000230                __riscv_save_3
                0x0000000000000230                __riscv_save_2
                0x0000000000000230                __riscv_save_1
                0x0000000000000230                __riscv_save_0
                0x000000000000023c                __riscv_restore_12
                0x0000000000000240                __riscv_restore_11
                0x0000000000000240                __riscv_restore_9
                0x0000000000000240                __riscv_restore_10
                0x0000000000000240                __riscv_restore_8
                0x000000000000024a                __riscv_restore_5
                0x000000000000024a                __riscv_restore_7
                0x000000000000024a                __riscv_restore_6
                0x000000000000024a                __riscv_restore_4
                0x0000000000000254                __riscv_restore_3
                0x0000000000000254                __riscv_restore_0
                0x0000000000000254                __riscv_restore_2
                0x0000000000000254                __riscv_restore_1
 .text          0x0000000000000260       0xa8 d:/mounriver/mounriver_studio/toolchain/risc-v embedded gcc/bin/../lib/gcc/riscv-none-embed/8.2.0/../../../../riscv-none-embed/lib/rv32imacxw/ilp32\libg_nano.a(lib_a-memset.o)
                0x0000000000000260                memset
 *(.text.*)
 .text.NMI_Handler
                0x0000000000000308        0x4 ./User/src/ch32v30x_it.o
                0x0000000000000308                NMI_Handler
 .text.HardFault_Handler
                0x000000000000030c        0x2 ./User/src/ch32v30x_it.o
                0x000000000000030c                HardFault_Handler
 .text.EXTI0_IRQHandler
                0x000000000000030e       0x34 ./User/src/ch32v30x_it.o
                0x000000000000030e                EXTI0_IRQHandler
 .text.TIM1_UP_IRQHandler
                0x0000000000000342       0x2a ./User/src/ch32v30x_it.o
                0x0000000000000342                TIM1_UP_IRQHandler
 .text.TIM3_IRQHandler
                0x000000000000036c       0x36 ./User/src/ch32v30x_it.o
                0x000000000000036c                TIM3_IRQHandler
 .text.DMA1_Channel1_IRQHandler
                0x00000000000003a2       0xbc ./User/src/ch32v30x_it.o
                0x00000000000003a2                DMA1_Channel1_IRQHandler
 .text.USART1_IRQHandler
                0x000000000000045e       0xe4 ./User/src/ch32v30x_it.o
                0x000000000000045e                USART1_IRQHandler
 .text.IIC_Init
                0x0000000000000542       0x4a ./User/src/iic.o
                0x0000000000000542                IIC_Init
 .text.IIC_Start
                0x000000000000058c       0x48 ./User/src/iic.o
                0x000000000000058c                IIC_Start
 .text.IIC_Stop
                0x00000000000005d4       0x36 ./User/src/iic.o
                0x00000000000005d4                IIC_Stop
 .text.IIC_Send_Byte
                0x000000000000060a       0x78 ./User/src/iic.o
                0x000000000000060a                IIC_Send_Byte
 .text.IIC_Wait_Ack
                0x0000000000000682       0x7e ./User/src/iic.o
                0x0000000000000682                IIC_Wait_Ack
 .text.startup.main
                0x0000000000000700       0x48 ./User/src/main.o
                0x0000000000000700                main
 .text.SystemInit
                0x0000000000000748       0xfa ./User/src/system_ch32v30x.o
                0x0000000000000748                SystemInit
 .text.SystemCoreClockUpdate
                0x0000000000000842       0xbe ./User/src/system_ch32v30x.o
                0x0000000000000842                SystemCoreClockUpdate
 .text.USART1_DMA_Init
                0x0000000000000900       0x5c ./User/src/usart.o
                0x0000000000000900                USART1_DMA_Init
 .text.U1Rx_PtrInit
                0x000000000000095c       0x24 ./User/src/usart.o
                0x000000000000095c                U1Rx_PtrInit
 .text.USART1_Init
                0x0000000000000980       0x98 ./User/src/usart.o
                0x0000000000000980                USART1_Init
 .text.U0_printf
                0x0000000000000a18       0x80 ./User/src/usart.o
                0x0000000000000a18                U0_printf
 .text.vector_handler
                0x0000000000000a98       0xbe ./Startup/startup_ch32v30x_D8C.o
                0x0000000000000a9c                Ecall_M_Mode_Handler
                0x0000000000000a9e                Ecall_U_Mode_Handler
                0x0000000000000aa0                Break_Point_Handler
                0x0000000000000aa2                SysTick_Handler
                0x0000000000000aa4                SW_Handler
                0x0000000000000aa6                WWDG_IRQHandler
                0x0000000000000aa8                PVD_IRQHandler
                0x0000000000000aaa                TAMPER_IRQHandler
                0x0000000000000aac                RTC_IRQHandler
                0x0000000000000aae                FLASH_IRQHandler
                0x0000000000000ab0                RCC_IRQHandler
                0x0000000000000ab4                EXTI1_IRQHandler
                0x0000000000000ab6                EXTI2_IRQHandler
                0x0000000000000ab8                EXTI3_IRQHandler
                0x0000000000000aba                EXTI4_IRQHandler
                0x0000000000000abe                DMA1_Channel2_IRQHandler
                0x0000000000000ac0                DMA1_Channel3_IRQHandler
                0x0000000000000ac2                DMA1_Channel4_IRQHandler
                0x0000000000000ac4                DMA1_Channel5_IRQHandler
                0x0000000000000ac6                DMA1_Channel6_IRQHandler
                0x0000000000000ac8                DMA1_Channel7_IRQHandler
                0x0000000000000aca                ADC1_2_IRQHandler
                0x0000000000000acc                USB_HP_CAN1_TX_IRQHandler
                0x0000000000000ace                USB_LP_CAN1_RX0_IRQHandler
                0x0000000000000ad0                CAN1_RX1_IRQHandler
                0x0000000000000ad2                CAN1_SCE_IRQHandler
                0x0000000000000ad4                EXTI9_5_IRQHandler
                0x0000000000000ad6                TIM1_BRK_IRQHandler
                0x0000000000000ada                TIM1_TRG_COM_IRQHandler
                0x0000000000000adc                TIM1_CC_IRQHandler
                0x0000000000000ade                TIM2_IRQHandler
                0x0000000000000ae2                TIM4_IRQHandler
                0x0000000000000ae4                I2C1_EV_IRQHandler
                0x0000000000000ae6                I2C1_ER_IRQHandler
                0x0000000000000ae8                I2C2_EV_IRQHandler
                0x0000000000000aea                I2C2_ER_IRQHandler
                0x0000000000000aec                SPI1_IRQHandler
                0x0000000000000aee                SPI2_IRQHandler
                0x0000000000000af2                USART2_IRQHandler
                0x0000000000000af4                USART3_IRQHandler
                0x0000000000000af6                EXTI15_10_IRQHandler
                0x0000000000000af8                RTCAlarm_IRQHandler
                0x0000000000000afa                USBWakeUp_IRQHandler
                0x0000000000000afc                TIM8_BRK_IRQHandler
                0x0000000000000afe                TIM8_UP_IRQHandler
                0x0000000000000b00                TIM8_TRG_COM_IRQHandler
                0x0000000000000b02                TIM8_CC_IRQHandler
                0x0000000000000b04                RNG_IRQHandler
                0x0000000000000b06                FSMC_IRQHandler
                0x0000000000000b08                SDIO_IRQHandler
                0x0000000000000b0a                TIM5_IRQHandler
                0x0000000000000b0c                SPI3_IRQHandler
                0x0000000000000b0e                UART4_IRQHandler
                0x0000000000000b10                UART5_IRQHandler
                0x0000000000000b12                TIM6_IRQHandler
                0x0000000000000b14                TIM7_IRQHandler
                0x0000000000000b16                DMA2_Channel1_IRQHandler
                0x0000000000000b18                DMA2_Channel2_IRQHandler
                0x0000000000000b1a                DMA2_Channel3_IRQHandler
                0x0000000000000b1c                DMA2_Channel4_IRQHandler
                0x0000000000000b1e                DMA2_Channel5_IRQHandler
                0x0000000000000b20                ETH_IRQHandler
                0x0000000000000b22                ETH_WKUP_IRQHandler
                0x0000000000000b24                CAN2_TX_IRQHandler
                0x0000000000000b26                CAN2_RX0_IRQHandler
                0x0000000000000b28                CAN2_RX1_IRQHandler
                0x0000000000000b2a                CAN2_SCE_IRQHandler
                0x0000000000000b2c                OTG_FS_IRQHandler
                0x0000000000000b2e                USBHSWakeup_IRQHandler
                0x0000000000000b30                USBHS_IRQHandler
                0x0000000000000b32                DVP_IRQHandler
                0x0000000000000b34                UART6_IRQHandler
                0x0000000000000b36                UART7_IRQHandler
                0x0000000000000b38                UART8_IRQHandler
                0x0000000000000b3a                TIM9_BRK_IRQHandler
                0x0000000000000b3c                TIM9_UP_IRQHandler
                0x0000000000000b3e                TIM9_TRG_COM_IRQHandler
                0x0000000000000b40                TIM9_CC_IRQHandler
                0x0000000000000b42                TIM10_BRK_IRQHandler
                0x0000000000000b44                TIM10_UP_IRQHandler
                0x0000000000000b46                TIM10_TRG_COM_IRQHandler
                0x0000000000000b48                TIM10_CC_IRQHandler
                0x0000000000000b4a                DMA2_Channel6_IRQHandler
                0x0000000000000b4c                DMA2_Channel7_IRQHandler
                0x0000000000000b4e                DMA2_Channel8_IRQHandler
                0x0000000000000b50                DMA2_Channel9_IRQHandler
                0x0000000000000b52                DMA2_Channel10_IRQHandler
                0x0000000000000b54                DMA2_Channel11_IRQHandler
 .text.handle_reset
                0x0000000000000b56       0x8a ./Startup/startup_ch32v30x_D8C.o
                0x0000000000000b56                handle_reset
 .text.DMA_DeInit
                0x0000000000000be0      0x16c ./Peripheral/src/ch32v30x_dma.o
                0x0000000000000be0                DMA_DeInit
 .text.DMA_Init
                0x0000000000000d4c       0x38 ./Peripheral/src/ch32v30x_dma.o
                0x0000000000000d4c                DMA_Init
 .text.DMA_Cmd  0x0000000000000d84       0x14 ./Peripheral/src/ch32v30x_dma.o
                0x0000000000000d84                DMA_Cmd
 .text.DMA_SetCurrDataCounter
                0x0000000000000d98        0x4 ./Peripheral/src/ch32v30x_dma.o
                0x0000000000000d98                DMA_SetCurrDataCounter
 .text.DMA_GetCurrDataCounter
                0x0000000000000d9c        0x8 ./Peripheral/src/ch32v30x_dma.o
                0x0000000000000d9c                DMA_GetCurrDataCounter
 .text.DMA_ClearFlag
                0x0000000000000da4       0x2c ./Peripheral/src/ch32v30x_dma.o
                0x0000000000000da4                DMA_ClearFlag
 .text.DMA_ClearITPendingBit
                0x0000000000000dd0        0xa ./Peripheral/src/ch32v30x_dma.o
                0x0000000000000dd0                DMA_ClearITPendingBit
 .text.EXTI_GetITStatus
                0x0000000000000dda       0x1e ./Peripheral/src/ch32v30x_exti.o
                0x0000000000000dda                EXTI_GetITStatus
 .text.EXTI_ClearITPendingBit
                0x0000000000000df8        0xa ./Peripheral/src/ch32v30x_exti.o
                0x0000000000000df8                EXTI_ClearITPendingBit
 .text.GPIO_Init
                0x0000000000000e02       0xc0 ./Peripheral/src/ch32v30x_gpio.o
                0x0000000000000e02                GPIO_Init
 .text.GPIO_ReadInputDataBit
                0x0000000000000ec2        0xa ./Peripheral/src/ch32v30x_gpio.o
                0x0000000000000ec2                GPIO_ReadInputDataBit
 .text.GPIO_SetBits
                0x0000000000000ecc        0x4 ./Peripheral/src/ch32v30x_gpio.o
                0x0000000000000ecc                GPIO_SetBits
 .text.GPIO_ResetBits
                0x0000000000000ed0        0x4 ./Peripheral/src/ch32v30x_gpio.o
                0x0000000000000ed0                GPIO_ResetBits
 .text.NVIC_PriorityGroupConfig
                0x0000000000000ed4        0x6 ./Peripheral/src/ch32v30x_misc.o
                0x0000000000000ed4                NVIC_PriorityGroupConfig
 .text.RCC_GetClocksFreq
                0x0000000000000eda      0x176 ./Peripheral/src/ch32v30x_rcc.o
                0x0000000000000eda                RCC_GetClocksFreq
 .text.RCC_AHBPeriphClockCmd
                0x0000000000001050       0x1e ./Peripheral/src/ch32v30x_rcc.o
                0x0000000000001050                RCC_AHBPeriphClockCmd
 .text.RCC_APB2PeriphClockCmd
                0x000000000000106e       0x1e ./Peripheral/src/ch32v30x_rcc.o
                0x000000000000106e                RCC_APB2PeriphClockCmd
 .text.SPI_I2S_SendData
                0x000000000000108c        0x4 ./Peripheral/src/ch32v30x_spi.o
                0x000000000000108c                SPI_I2S_SendData
 .text.TIM_GetITStatus
                0x0000000000001090       0x18 ./Peripheral/src/ch32v30x_tim.o
                0x0000000000001090                TIM_GetITStatus
 .text.TIM_ClearITPendingBit
                0x00000000000010a8        0xc ./Peripheral/src/ch32v30x_tim.o
                0x00000000000010a8                TIM_ClearITPendingBit
 .text.USART_Init
                0x00000000000010b4       0xba ./Peripheral/src/ch32v30x_usart.o
                0x00000000000010b4                USART_Init
 .text.USART_Cmd
                0x000000000000116e       0x16 ./Peripheral/src/ch32v30x_usart.o
                0x000000000000116e                USART_Cmd
 .text.USART_ITConfig
                0x0000000000001184       0x36 ./Peripheral/src/ch32v30x_usart.o
                0x0000000000001184                USART_ITConfig
 .text.USART_DMACmd
                0x00000000000011ba       0x12 ./Peripheral/src/ch32v30x_usart.o
                0x00000000000011ba                USART_DMACmd
 .text.USART_SendData
                0x00000000000011cc        0x8 ./Peripheral/src/ch32v30x_usart.o
                0x00000000000011cc                USART_SendData
 .text.USART_ReceiveData
                0x00000000000011d4        0x8 ./Peripheral/src/ch32v30x_usart.o
                0x00000000000011d4                USART_ReceiveData
 .text.USART_GetFlagStatus
                0x00000000000011dc        0xa ./Peripheral/src/ch32v30x_usart.o
                0x00000000000011dc                USART_GetFlagStatus
 .text.USART_GetITStatus
                0x00000000000011e6       0x3c ./Peripheral/src/ch32v30x_usart.o
                0x00000000000011e6                USART_GetITStatus
 .text.Delay_Init
                0x0000000000001222       0x2a ./Debug/debug.o
                0x0000000000001222                Delay_Init
 .text.Delay_Us
                0x000000000000124c       0x36 ./Debug/debug.o
                0x000000000000124c                Delay_Us
 .text.Delay_Ms
                0x0000000000001282       0x36 ./Debug/debug.o
                0x0000000000001282                Delay_Ms
 .text._write   0x00000000000012b8       0x3a ./Debug/debug.o
                0x00000000000012b8                _write
 .text._sbrk    0x00000000000012f2       0x26 ./Debug/debug.o
                0x00000000000012f2                _sbrk
 .text.AT24CX_Write_Byte
                0x0000000000001318       0x76 ./App/AT24CX/at24cx.o
                0x0000000000001318                AT24CX_Write_Byte
 .text.__muldf3
                0x000000000000138e      0x4b8 d:/mounriver/mounriver_studio/toolchain/risc-v embedded gcc/bin/../lib/gcc/riscv-none-embed/8.2.0/rv32imacxw/ilp32\libgcc.a(muldf3.o)
                0x000000000000138e                __muldf3
 .text.__divsf3
                0x0000000000001846      0x2ae d:/mounriver/mounriver_studio/toolchain/risc-v embedded gcc/bin/../lib/gcc/riscv-none-embed/8.2.0/rv32imacxw/ilp32\libgcc.a(divsf3.o)
                0x0000000000001846                __divsf3
 .text.__mulsf3
                0x0000000000001af4      0x290 d:/mounriver/mounriver_studio/toolchain/risc-v embedded gcc/bin/../lib/gcc/riscv-none-embed/8.2.0/rv32imacxw/ilp32\libgcc.a(mulsf3.o)
                0x0000000000001af4                __mulsf3
 .text.__floatunsisf
                0x0000000000001d84       0xce d:/mounriver/mounriver_studio/toolchain/risc-v embedded gcc/bin/../lib/gcc/riscv-none-embed/8.2.0/rv32imacxw/ilp32\libgcc.a(floatunsisf.o)
                0x0000000000001d84                __floatunsisf
 .text.__extendsfdf2
                0x0000000000001e52       0xac d:/mounriver/mounriver_studio/toolchain/risc-v embedded gcc/bin/../lib/gcc/riscv-none-embed/8.2.0/rv32imacxw/ilp32\libgcc.a(extendsfdf2.o)
                0x0000000000001e52                __extendsfdf2
 .text.__truncdfsf2
                0x0000000000001efe      0x16a d:/mounriver/mounriver_studio/toolchain/risc-v embedded gcc/bin/../lib/gcc/riscv-none-embed/8.2.0/rv32imacxw/ilp32\libgcc.a(truncdfsf2.o)
                0x0000000000001efe                __truncdfsf2
 .text.__clzsi2
                0x0000000000002068       0x6e d:/mounriver/mounriver_studio/toolchain/risc-v embedded gcc/bin/../lib/gcc/riscv-none-embed/8.2.0/rv32imacxw/ilp32\libgcc.a(_clzsi2.o)
                0x0000000000002068                __clzsi2
 .text.__cvt    0x00000000000020d6       0xea d:/mounriver/mounriver_studio/toolchain/risc-v embedded gcc/bin/../lib/gcc/riscv-none-embed/8.2.0/../../../../riscv-none-embed/lib/rv32imacxw/ilp32\libg_nano.a(lib_a-nano-vfprintf_float.o)
                0x00000000000020d6                __cvt
 .text.__exponent
                0x00000000000021c0       0x84 d:/mounriver/mounriver_studio/toolchain/risc-v embedded gcc/bin/../lib/gcc/riscv-none-embed/8.2.0/../../../../riscv-none-embed/lib/rv32imacxw/ilp32\libg_nano.a(lib_a-nano-vfprintf_float.o)
                0x00000000000021c0                __exponent
 .text._printf_float
                0x0000000000002244      0x4c0 d:/mounriver/mounriver_studio/toolchain/risc-v embedded gcc/bin/../lib/gcc/riscv-none-embed/8.2.0/../../../../riscv-none-embed/lib/rv32imacxw/ilp32\libg_nano.a(lib_a-nano-vfprintf_float.o)
                0x0000000000002244                _printf_float
 .text._printf_common
                0x0000000000002704      0x10c d:/mounriver/mounriver_studio/toolchain/risc-v embedded gcc/bin/../lib/gcc/riscv-none-embed/8.2.0/../../../../riscv-none-embed/lib/rv32imacxw/ilp32\libg_nano.a(lib_a-nano-vfprintf_i.o)
                0x0000000000002704                _printf_common
 .text._printf_i
                0x0000000000002810      0x2a2 d:/mounriver/mounriver_studio/toolchain/risc-v embedded gcc/bin/../lib/gcc/riscv-none-embed/8.2.0/../../../../riscv-none-embed/lib/rv32imacxw/ilp32\libg_nano.a(lib_a-nano-vfprintf_i.o)
                0x0000000000002810                _printf_i
 .text.printf   0x0000000000002ab2       0x42 d:/mounriver/mounriver_studio/toolchain/risc-v embedded gcc/bin/../lib/gcc/riscv-none-embed/8.2.0/../../../../riscv-none-embed/lib/rv32imacxw/ilp32\libg_nano.a(lib_a-printf.o)
                0x0000000000002ab2                iprintf
                0x0000000000002ab2                printf
 .text._puts_r  0x0000000000002af4       0xd8 d:/mounriver/mounriver_studio/toolchain/risc-v embedded gcc/bin/../lib/gcc/riscv-none-embed/8.2.0/../../../../riscv-none-embed/lib/rv32imacxw/ilp32\libg_nano.a(lib_a-puts.o)
                0x0000000000002af4                _puts_r
 .text.puts     0x0000000000002bcc        0xa d:/mounriver/mounriver_studio/toolchain/risc-v embedded gcc/bin/../lib/gcc/riscv-none-embed/8.2.0/../../../../riscv-none-embed/lib/rv32imacxw/ilp32\libg_nano.a(lib_a-puts.o)
                0x0000000000002bcc                puts
 .text.strlen   0x0000000000002bd6       0x12 d:/mounriver/mounriver_studio/toolchain/risc-v embedded gcc/bin/../lib/gcc/riscv-none-embed/8.2.0/../../../../riscv-none-embed/lib/rv32imacxw/ilp32\libg_nano.a(lib_a-strlen.o)
                0x0000000000002bd6                strlen
 .text._vsprintf_r
                0x0000000000002be8       0x2e d:/mounriver/mounriver_studio/toolchain/risc-v embedded gcc/bin/../lib/gcc/riscv-none-embed/8.2.0/../../../../riscv-none-embed/lib/rv32imacxw/ilp32\libg_nano.a(lib_a-vsprintf.o)
                0x0000000000002be8                _vsprintf_r
                0x0000000000002be8                _vsiprintf_r
 .text.vsprintf
                0x0000000000002c16        0xe d:/mounriver/mounriver_studio/toolchain/risc-v embedded gcc/bin/../lib/gcc/riscv-none-embed/8.2.0/../../../../riscv-none-embed/lib/rv32imacxw/ilp32\libg_nano.a(lib_a-vsprintf.o)
                0x0000000000002c16                vsiprintf
                0x0000000000002c16                vsprintf
 .text.__swbuf_r
                0x0000000000002c24       0xc2 d:/mounriver/mounriver_studio/toolchain/risc-v embedded gcc/bin/../lib/gcc/riscv-none-embed/8.2.0/../../../../riscv-none-embed/lib/rv32imacxw/ilp32\libg_nano.a(lib_a-wbuf.o)
                0x0000000000002c24                __swbuf_r
 .text.__swsetup_r
                0x0000000000002ce6      0x102 d:/mounriver/mounriver_studio/toolchain/risc-v embedded gcc/bin/../lib/gcc/riscv-none-embed/8.2.0/../../../../riscv-none-embed/lib/rv32imacxw/ilp32\libg_nano.a(lib_a-wsetup.o)
                0x0000000000002ce6                __swsetup_r
 .text.quorem   0x0000000000002de8      0x13a d:/mounriver/mounriver_studio/toolchain/risc-v embedded gcc/bin/../lib/gcc/riscv-none-embed/8.2.0/../../../../riscv-none-embed/lib/rv32imacxw/ilp32\libg_nano.a(lib_a-dtoa.o)
 .text._dtoa_r  0x0000000000002f22      0xc16 d:/mounriver/mounriver_studio/toolchain/risc-v embedded gcc/bin/../lib/gcc/riscv-none-embed/8.2.0/../../../../riscv-none-embed/lib/rv32imacxw/ilp32\libg_nano.a(lib_a-dtoa.o)
                0x0000000000002f22                _dtoa_r
 .text.__sflush_r
                0x0000000000003b38      0x132 d:/mounriver/mounriver_studio/toolchain/risc-v embedded gcc/bin/../lib/gcc/riscv-none-embed/8.2.0/../../../../riscv-none-embed/lib/rv32imacxw/ilp32\libg_nano.a(lib_a-fflush.o)
                0x0000000000003b38                __sflush_r
 .text._fflush_r
                0x0000000000003c6a       0x64 d:/mounriver/mounriver_studio/toolchain/risc-v embedded gcc/bin/../lib/gcc/riscv-none-embed/8.2.0/../../../../riscv-none-embed/lib/rv32imacxw/ilp32\libg_nano.a(lib_a-fflush.o)
                0x0000000000003c6a                _fflush_r
 .text.std      0x0000000000003cce       0x66 d:/mounriver/mounriver_studio/toolchain/risc-v embedded gcc/bin/../lib/gcc/riscv-none-embed/8.2.0/../../../../riscv-none-embed/lib/rv32imacxw/ilp32\libg_nano.a(lib_a-findfp.o)
 .text._cleanup_r
                0x0000000000003d34        0xa d:/mounriver/mounriver_studio/toolchain/risc-v embedded gcc/bin/../lib/gcc/riscv-none-embed/8.2.0/../../../../riscv-none-embed/lib/rv32imacxw/ilp32\libg_nano.a(lib_a-findfp.o)
                0x0000000000003d34                _cleanup_r
 .text.__sfmoreglue
                0x0000000000003d3e       0x48 d:/mounriver/mounriver_studio/toolchain/risc-v embedded gcc/bin/../lib/gcc/riscv-none-embed/8.2.0/../../../../riscv-none-embed/lib/rv32imacxw/ilp32\libg_nano.a(lib_a-findfp.o)
                0x0000000000003d3e                __sfmoreglue
 .text.__sinit  0x0000000000003d86       0x66 d:/mounriver/mounriver_studio/toolchain/risc-v embedded gcc/bin/../lib/gcc/riscv-none-embed/8.2.0/../../../../riscv-none-embed/lib/rv32imacxw/ilp32\libg_nano.a(lib_a-findfp.o)
                0x0000000000003d86                __sinit
 .text.__sfp    0x0000000000003dec       0x9c d:/mounriver/mounriver_studio/toolchain/risc-v embedded gcc/bin/../lib/gcc/riscv-none-embed/8.2.0/../../../../riscv-none-embed/lib/rv32imacxw/ilp32\libg_nano.a(lib_a-findfp.o)
                0x0000000000003dec                __sfp
 .text._fwalk_reent
                0x0000000000003e88       0x6a d:/mounriver/mounriver_studio/toolchain/risc-v embedded gcc/bin/../lib/gcc/riscv-none-embed/8.2.0/../../../../riscv-none-embed/lib/rv32imacxw/ilp32\libg_nano.a(lib_a-fwalk.o)
                0x0000000000003e88                _fwalk_reent
 .text._localeconv_r
                0x0000000000003ef2       0x18 d:/mounriver/mounriver_studio/toolchain/risc-v embedded gcc/bin/../lib/gcc/riscv-none-embed/8.2.0/../../../../riscv-none-embed/lib/rv32imacxw/ilp32\libg_nano.a(lib_a-localeconv.o)
                0x0000000000003ef2                _localeconv_r
 .text.__swhatbuf_r
                0x0000000000003f0a       0x58 d:/mounriver/mounriver_studio/toolchain/risc-v embedded gcc/bin/../lib/gcc/riscv-none-embed/8.2.0/../../../../riscv-none-embed/lib/rv32imacxw/ilp32\libg_nano.a(lib_a-makebuf.o)
                0x0000000000003f0a                __swhatbuf_r
 .text.__smakebuf_r
                0x0000000000003f62       0x92 d:/mounriver/mounriver_studio/toolchain/risc-v embedded gcc/bin/../lib/gcc/riscv-none-embed/8.2.0/../../../../riscv-none-embed/lib/rv32imacxw/ilp32\libg_nano.a(lib_a-makebuf.o)
                0x0000000000003f62                __smakebuf_r
 .text.malloc   0x0000000000003ff4        0xc d:/mounriver/mounriver_studio/toolchain/risc-v embedded gcc/bin/../lib/gcc/riscv-none-embed/8.2.0/../../../../riscv-none-embed/lib/rv32imacxw/ilp32\libg_nano.a(lib_a-malloc.o)
                0x0000000000003ff4                malloc
 .text.memchr   0x0000000000004000       0x18 d:/mounriver/mounriver_studio/toolchain/risc-v embedded gcc/bin/../lib/gcc/riscv-none-embed/8.2.0/../../../../riscv-none-embed/lib/rv32imacxw/ilp32\libg_nano.a(lib_a-memchr.o)
                0x0000000000004000                memchr
 .text.memcpy   0x0000000000004018       0xb2 d:/mounriver/mounriver_studio/toolchain/risc-v embedded gcc/bin/../lib/gcc/riscv-none-embed/8.2.0/../../../../riscv-none-embed/lib/rv32imacxw/ilp32\libg_nano.a(lib_a-memcpy.o)
                0x0000000000004018                memcpy
 .text._Balloc  0x00000000000040ca       0x86 d:/mounriver/mounriver_studio/toolchain/risc-v embedded gcc/bin/../lib/gcc/riscv-none-embed/8.2.0/../../../../riscv-none-embed/lib/rv32imacxw/ilp32\libg_nano.a(lib_a-mprec.o)
                0x00000000000040ca                _Balloc
 .text._Bfree   0x0000000000004150       0x42 d:/mounriver/mounriver_studio/toolchain/risc-v embedded gcc/bin/../lib/gcc/riscv-none-embed/8.2.0/../../../../riscv-none-embed/lib/rv32imacxw/ilp32\libg_nano.a(lib_a-mprec.o)
                0x0000000000004150                _Bfree
 .text.__multadd
                0x0000000000004192       0x92 d:/mounriver/mounriver_studio/toolchain/risc-v embedded gcc/bin/../lib/gcc/riscv-none-embed/8.2.0/../../../../riscv-none-embed/lib/rv32imacxw/ilp32\libg_nano.a(lib_a-mprec.o)
                0x0000000000004192                __multadd
 .text.__hi0bits
                0x0000000000004224       0x46 d:/mounriver/mounriver_studio/toolchain/risc-v embedded gcc/bin/../lib/gcc/riscv-none-embed/8.2.0/../../../../riscv-none-embed/lib/rv32imacxw/ilp32\libg_nano.a(lib_a-mprec.o)
                0x0000000000004224                __hi0bits
 .text.__lo0bits
                0x000000000000426a       0x6a d:/mounriver/mounriver_studio/toolchain/risc-v embedded gcc/bin/../lib/gcc/riscv-none-embed/8.2.0/../../../../riscv-none-embed/lib/rv32imacxw/ilp32\libg_nano.a(lib_a-mprec.o)
                0x000000000000426a                __lo0bits
 .text.__i2b    0x00000000000042d4       0x1a d:/mounriver/mounriver_studio/toolchain/risc-v embedded gcc/bin/../lib/gcc/riscv-none-embed/8.2.0/../../../../riscv-none-embed/lib/rv32imacxw/ilp32\libg_nano.a(lib_a-mprec.o)
                0x00000000000042d4                __i2b
 .text.__multiply
                0x00000000000042ee      0x142 d:/mounriver/mounriver_studio/toolchain/risc-v embedded gcc/bin/../lib/gcc/riscv-none-embed/8.2.0/../../../../riscv-none-embed/lib/rv32imacxw/ilp32\libg_nano.a(lib_a-mprec.o)
                0x00000000000042ee                __multiply
 .text.__pow5mult
                0x0000000000004430       0xb8 d:/mounriver/mounriver_studio/toolchain/risc-v embedded gcc/bin/../lib/gcc/riscv-none-embed/8.2.0/../../../../riscv-none-embed/lib/rv32imacxw/ilp32\libg_nano.a(lib_a-mprec.o)
                0x0000000000004430                __pow5mult
 .text.__lshift
                0x00000000000044e8       0xce d:/mounriver/mounriver_studio/toolchain/risc-v embedded gcc/bin/../lib/gcc/riscv-none-embed/8.2.0/../../../../riscv-none-embed/lib/rv32imacxw/ilp32\libg_nano.a(lib_a-mprec.o)
                0x00000000000044e8                __lshift
 .text.__mcmp   0x00000000000045b6       0x32 d:/mounriver/mounriver_studio/toolchain/risc-v embedded gcc/bin/../lib/gcc/riscv-none-embed/8.2.0/../../../../riscv-none-embed/lib/rv32imacxw/ilp32\libg_nano.a(lib_a-mprec.o)
                0x00000000000045b6                __mcmp
 .text.__mdiff  0x00000000000045e8       0xf0 d:/mounriver/mounriver_studio/toolchain/risc-v embedded gcc/bin/../lib/gcc/riscv-none-embed/8.2.0/../../../../riscv-none-embed/lib/rv32imacxw/ilp32\libg_nano.a(lib_a-mprec.o)
                0x00000000000045e8                __mdiff
 .text.__d2b    0x00000000000046d8       0xd4 d:/mounriver/mounriver_studio/toolchain/risc-v embedded gcc/bin/../lib/gcc/riscv-none-embed/8.2.0/../../../../riscv-none-embed/lib/rv32imacxw/ilp32\libg_nano.a(lib_a-mprec.o)
                0x00000000000046d8                __d2b
 .text._calloc_r
                0x00000000000047ac       0x26 d:/mounriver/mounriver_studio/toolchain/risc-v embedded gcc/bin/../lib/gcc/riscv-none-embed/8.2.0/../../../../riscv-none-embed/lib/rv32imacxw/ilp32\libg_nano.a(lib_a-nano-callocr.o)
                0x00000000000047ac                _calloc_r
 .text._free_r  0x00000000000047d2       0xa8 d:/mounriver/mounriver_studio/toolchain/risc-v embedded gcc/bin/../lib/gcc/riscv-none-embed/8.2.0/../../../../riscv-none-embed/lib/rv32imacxw/ilp32\libg_nano.a(lib_a-nano-freer.o)
                0x00000000000047d2                _free_r
 .text._malloc_r
                0x000000000000487a       0xd4 d:/mounriver/mounriver_studio/toolchain/risc-v embedded gcc/bin/../lib/gcc/riscv-none-embed/8.2.0/../../../../riscv-none-embed/lib/rv32imacxw/ilp32\libg_nano.a(lib_a-nano-mallocr.o)
                0x000000000000487a                _malloc_r
 .text.__ssputs_r
                0x000000000000494e       0xe2 d:/mounriver/mounriver_studio/toolchain/risc-v embedded gcc/bin/../lib/gcc/riscv-none-embed/8.2.0/../../../../riscv-none-embed/lib/rv32imacxw/ilp32\libg_nano.a(lib_a-nano-svfprintf.o)
                0x000000000000494e                __ssputs_r
 .text._svfprintf_r
                0x0000000000004a30      0x264 d:/mounriver/mounriver_studio/toolchain/risc-v embedded gcc/bin/../lib/gcc/riscv-none-embed/8.2.0/../../../../riscv-none-embed/lib/rv32imacxw/ilp32\libg_nano.a(lib_a-nano-svfprintf.o)
                0x0000000000004a30                _svfiprintf_r
                0x0000000000004a30                _svfprintf_r
 .text.__sfputc_r
                0x0000000000004c94       0x28 d:/mounriver/mounriver_studio/toolchain/risc-v embedded gcc/bin/../lib/gcc/riscv-none-embed/8.2.0/../../../../riscv-none-embed/lib/rv32imacxw/ilp32\libg_nano.a(lib_a-nano-vfprintf.o)
 .text.__sfputs_r
                0x0000000000004cbc       0x40 d:/mounriver/mounriver_studio/toolchain/risc-v embedded gcc/bin/../lib/gcc/riscv-none-embed/8.2.0/../../../../riscv-none-embed/lib/rv32imacxw/ilp32\libg_nano.a(lib_a-nano-vfprintf.o)
                0x0000000000004cbc                __sfputs_r
 .text._vfprintf_r
                0x0000000000004cfc      0x28a d:/mounriver/mounriver_studio/toolchain/risc-v embedded gcc/bin/../lib/gcc/riscv-none-embed/8.2.0/../../../../riscv-none-embed/lib/rv32imacxw/ilp32\libg_nano.a(lib_a-nano-vfprintf.o)
                0x0000000000004cfc                _vfprintf_r
                0x0000000000004cfc                _vfiprintf_r
 .text._sbrk_r  0x0000000000004f86       0x2a d:/mounriver/mounriver_studio/toolchain/risc-v embedded gcc/bin/../lib/gcc/riscv-none-embed/8.2.0/../../../../riscv-none-embed/lib/rv32imacxw/ilp32\libg_nano.a(lib_a-sbrkr.o)
                0x0000000000004f86                _sbrk_r
 .text.__sread  0x0000000000004fb0       0x2c d:/mounriver/mounriver_studio/toolchain/risc-v embedded gcc/bin/../lib/gcc/riscv-none-embed/8.2.0/../../../../riscv-none-embed/lib/rv32imacxw/ilp32\libg_nano.a(lib_a-stdio.o)
                0x0000000000004fb0                __sread
 .text.__swrite
                0x0000000000004fdc       0x48 d:/mounriver/mounriver_studio/toolchain/risc-v embedded gcc/bin/../lib/gcc/riscv-none-embed/8.2.0/../../../../riscv-none-embed/lib/rv32imacxw/ilp32\libg_nano.a(lib_a-stdio.o)
                0x0000000000004fdc                __swrite
 .text.__sseek  0x0000000000005024       0x30 d:/mounriver/mounriver_studio/toolchain/risc-v embedded gcc/bin/../lib/gcc/riscv-none-embed/8.2.0/../../../../riscv-none-embed/lib/rv32imacxw/ilp32\libg_nano.a(lib_a-stdio.o)
                0x0000000000005024                __sseek
 .text.__sclose
                0x0000000000005054        0x6 d:/mounriver/mounriver_studio/toolchain/risc-v embedded gcc/bin/../lib/gcc/riscv-none-embed/8.2.0/../../../../riscv-none-embed/lib/rv32imacxw/ilp32\libg_nano.a(lib_a-stdio.o)
                0x0000000000005054                __sclose
 .text._write_r
                0x000000000000505a       0x2e d:/mounriver/mounriver_studio/toolchain/risc-v embedded gcc/bin/../lib/gcc/riscv-none-embed/8.2.0/../../../../riscv-none-embed/lib/rv32imacxw/ilp32\libg_nano.a(lib_a-writer.o)
                0x000000000000505a                _write_r
 .text._close_r
                0x0000000000005088       0x2a d:/mounriver/mounriver_studio/toolchain/risc-v embedded gcc/bin/../lib/gcc/riscv-none-embed/8.2.0/../../../../riscv-none-embed/lib/rv32imacxw/ilp32\libg_nano.a(lib_a-closer.o)
                0x0000000000005088                _close_r
 .text._fstat_r
                0x00000000000050b2       0x2c d:/mounriver/mounriver_studio/toolchain/risc-v embedded gcc/bin/../lib/gcc/riscv-none-embed/8.2.0/../../../../riscv-none-embed/lib/rv32imacxw/ilp32\libg_nano.a(lib_a-fstatr.o)
                0x00000000000050b2                _fstat_r
 .text._isatty_r
                0x00000000000050de       0x2a d:/mounriver/mounriver_studio/toolchain/risc-v embedded gcc/bin/../lib/gcc/riscv-none-embed/8.2.0/../../../../riscv-none-embed/lib/rv32imacxw/ilp32\libg_nano.a(lib_a-isattyr.o)
                0x00000000000050de                _isatty_r
 .text._lseek_r
                0x0000000000005108       0x2e d:/mounriver/mounriver_studio/toolchain/risc-v embedded gcc/bin/../lib/gcc/riscv-none-embed/8.2.0/../../../../riscv-none-embed/lib/rv32imacxw/ilp32\libg_nano.a(lib_a-lseekr.o)
                0x0000000000005108                _lseek_r
 .text.__ascii_mbtowc
                0x0000000000005136       0x32 d:/mounriver/mounriver_studio/toolchain/risc-v embedded gcc/bin/../lib/gcc/riscv-none-embed/8.2.0/../../../../riscv-none-embed/lib/rv32imacxw/ilp32\libg_nano.a(lib_a-mbtowc_r.o)
                0x0000000000005136                __ascii_mbtowc
 .text.memmove  0x0000000000005168       0x46 d:/mounriver/mounriver_studio/toolchain/risc-v embedded gcc/bin/../lib/gcc/riscv-none-embed/8.2.0/../../../../riscv-none-embed/lib/rv32imacxw/ilp32\libg_nano.a(lib_a-memmove.o)
                0x0000000000005168                memmove
 .text.__malloc_lock
                0x00000000000051ae        0x2 d:/mounriver/mounriver_studio/toolchain/risc-v embedded gcc/bin/../lib/gcc/riscv-none-embed/8.2.0/../../../../riscv-none-embed/lib/rv32imacxw/ilp32\libg_nano.a(lib_a-mlock.o)
                0x00000000000051ae                __malloc_lock
 .text.__malloc_unlock
                0x00000000000051b0        0x2 d:/mounriver/mounriver_studio/toolchain/risc-v embedded gcc/bin/../lib/gcc/riscv-none-embed/8.2.0/../../../../riscv-none-embed/lib/rv32imacxw/ilp32\libg_nano.a(lib_a-mlock.o)
                0x00000000000051b0                __malloc_unlock
 .text._realloc_r
                0x00000000000051b2       0x58 d:/mounriver/mounriver_studio/toolchain/risc-v embedded gcc/bin/../lib/gcc/riscv-none-embed/8.2.0/../../../../riscv-none-embed/lib/rv32imacxw/ilp32\libg_nano.a(lib_a-nano-reallocr.o)
                0x00000000000051b2                _realloc_r
 .text._read_r  0x000000000000520a       0x2e d:/mounriver/mounriver_studio/toolchain/risc-v embedded gcc/bin/../lib/gcc/riscv-none-embed/8.2.0/../../../../riscv-none-embed/lib/rv32imacxw/ilp32\libg_nano.a(lib_a-readr.o)
                0x000000000000520a                _read_r
 .text.__ascii_wctomb
                0x0000000000005238       0x1e d:/mounriver/mounriver_studio/toolchain/risc-v embedded gcc/bin/../lib/gcc/riscv-none-embed/8.2.0/../../../../riscv-none-embed/lib/rv32imacxw/ilp32\libg_nano.a(lib_a-wctomb_r.o)
                0x0000000000005238                __ascii_wctomb
 .text._malloc_usable_size_r
                0x0000000000005256       0x14 d:/mounriver/mounriver_studio/toolchain/risc-v embedded gcc/bin/../lib/gcc/riscv-none-embed/8.2.0/../../../../riscv-none-embed/lib/rv32imacxw/ilp32\libg_nano.a(lib_a-nano-msizer.o)
                0x0000000000005256                _malloc_usable_size_r
 .text.__adddf3
                0x000000000000526a      0x730 d:/mounriver/mounriver_studio/toolchain/risc-v embedded gcc/bin/../lib/gcc/riscv-none-embed/8.2.0/rv32imacxw/ilp32\libgcc.a(adddf3.o)
                0x000000000000526a                __adddf3
 .text.__divdf3
                0x000000000000599a      0x5b4 d:/mounriver/mounriver_studio/toolchain/risc-v embedded gcc/bin/../lib/gcc/riscv-none-embed/8.2.0/rv32imacxw/ilp32\libgcc.a(divdf3.o)
                0x000000000000599a                __divdf3
 .text.__eqdf2  0x0000000000005f4e       0x6a d:/mounriver/mounriver_studio/toolchain/risc-v embedded gcc/bin/../lib/gcc/riscv-none-embed/8.2.0/rv32imacxw/ilp32\libgcc.a(eqdf2.o)
                0x0000000000005f4e                __nedf2
                0x0000000000005f4e                __eqdf2
 .text.__gedf2  0x0000000000005fb8       0xae d:/mounriver/mounriver_studio/toolchain/risc-v embedded gcc/bin/../lib/gcc/riscv-none-embed/8.2.0/rv32imacxw/ilp32\libgcc.a(gedf2.o)
                0x0000000000005fb8                __gedf2
                0x0000000000005fb8                __gtdf2
 .text.__ledf2  0x0000000000006066       0xb6 d:/mounriver/mounriver_studio/toolchain/risc-v embedded gcc/bin/../lib/gcc/riscv-none-embed/8.2.0/rv32imacxw/ilp32\libgcc.a(ledf2.o)
                0x0000000000006066                __ledf2
                0x0000000000006066                __ltdf2
 .text.__subdf3
                0x000000000000611c      0x73e d:/mounriver/mounriver_studio/toolchain/risc-v embedded gcc/bin/../lib/gcc/riscv-none-embed/8.2.0/rv32imacxw/ilp32\libgcc.a(subdf3.o)
                0x000000000000611c                __subdf3
 .text.__unorddf2
                0x000000000000685a       0x3c d:/mounriver/mounriver_studio/toolchain/risc-v embedded gcc/bin/../lib/gcc/riscv-none-embed/8.2.0/rv32imacxw/ilp32\libgcc.a(unorddf2.o)
                0x000000000000685a                __unorddf2
 .text.__fixdfsi
                0x0000000000006896       0x68 d:/mounriver/mounriver_studio/toolchain/risc-v embedded gcc/bin/../lib/gcc/riscv-none-embed/8.2.0/rv32imacxw/ilp32\libgcc.a(fixdfsi.o)
                0x0000000000006896                __fixdfsi
 .text.__floatsidf
                0x00000000000068fe       0x72 d:/mounriver/mounriver_studio/toolchain/risc-v embedded gcc/bin/../lib/gcc/riscv-none-embed/8.2.0/rv32imacxw/ilp32\libgcc.a(floatsidf.o)
                0x00000000000068fe                __floatsidf
 .text.__floatunsidf
                0x0000000000006970       0x68 d:/mounriver/mounriver_studio/toolchain/risc-v embedded gcc/bin/../lib/gcc/riscv-none-embed/8.2.0/rv32imacxw/ilp32\libgcc.a(floatunsidf.o)
                0x0000000000006970                __floatunsidf
 .text.__trunctfdf2
                0x00000000000069d8      0x21e d:/mounriver/mounriver_studio/toolchain/risc-v embedded gcc/bin/../lib/gcc/riscv-none-embed/8.2.0/rv32imacxw/ilp32\libgcc.a(trunctfdf2.o)
                0x00000000000069d8                __trunctfdf2
 .text._close   0x0000000000006bf6        0xc d:/mounriver/mounriver_studio/toolchain/risc-v embedded gcc/bin/../lib/gcc/riscv-none-embed/8.2.0/../../../../riscv-none-embed/lib/rv32imacxw/ilp32\libnosys.a(close.o)
                0x0000000000006bf6                _close
 .text._fstat   0x0000000000006c02        0xc d:/mounriver/mounriver_studio/toolchain/risc-v embedded gcc/bin/../lib/gcc/riscv-none-embed/8.2.0/../../../../riscv-none-embed/lib/rv32imacxw/ilp32\libnosys.a(fstat.o)
                0x0000000000006c02                _fstat
 .text._isatty  0x0000000000006c0e        0xc d:/mounriver/mounriver_studio/toolchain/risc-v embedded gcc/bin/../lib/gcc/riscv-none-embed/8.2.0/../../../../riscv-none-embed/lib/rv32imacxw/ilp32\libnosys.a(isatty.o)
                0x0000000000006c0e                _isatty
 .text._lseek   0x0000000000006c1a        0xc d:/mounriver/mounriver_studio/toolchain/risc-v embedded gcc/bin/../lib/gcc/riscv-none-embed/8.2.0/../../../../riscv-none-embed/lib/rv32imacxw/ilp32\libnosys.a(lseek.o)
                0x0000000000006c1a                _lseek
 .text._read    0x0000000000006c26        0xc d:/mounriver/mounriver_studio/toolchain/risc-v embedded gcc/bin/../lib/gcc/riscv-none-embed/8.2.0/../../../../riscv-none-embed/lib/rv32imacxw/ilp32\libnosys.a(read.o)
                0x0000000000006c26                _read
 *(.rodata)
 *(.rodata*)
 *fill*         0x0000000000006c32        0x2 
 .rodata.DMA1_Channel1_IRQHandler.cst4
                0x0000000000006c34        0x8 ./User/src/ch32v30x_it.o
 *fill*         0x0000000000006c3c        0x4 
 .rodata.DMA1_Channel1_IRQHandler.cst8
                0x0000000000006c40       0x10 ./User/src/ch32v30x_it.o
 .rodata.DMA1_Channel1_IRQHandler.str1.4
                0x0000000000006c50        0xf ./User/src/ch32v30x_it.o
 *fill*         0x0000000000006c5f        0x1 
 .rodata.TIM3_IRQHandler.str1.4
                0x0000000000006c60        0x9 ./User/src/ch32v30x_it.o
 *fill*         0x0000000000006c69        0x3 
 .rodata.USART1_IRQHandler.str1.4
                0x0000000000006c6c       0x11 ./User/src/ch32v30x_it.o
 *fill*         0x0000000000006c7d        0x3 
 .rodata.main.str1.4
                0x0000000000006c80       0x11 ./User/src/main.o
 *fill*         0x0000000000006c91        0x3 
 .rodata.AT24CX_Write_Byte.str1.4
                0x0000000000006c94        0x3 ./App/AT24CX/at24cx.o
 *fill*         0x0000000000006c97        0x1 
 .rodata.__muldf3
                0x0000000000006c98       0x40 d:/mounriver/mounriver_studio/toolchain/risc-v embedded gcc/bin/../lib/gcc/riscv-none-embed/8.2.0/rv32imacxw/ilp32\libgcc.a(muldf3.o)
 .rodata.__divsf3
                0x0000000000006cd8       0x80 d:/mounriver/mounriver_studio/toolchain/risc-v embedded gcc/bin/../lib/gcc/riscv-none-embed/8.2.0/rv32imacxw/ilp32\libgcc.a(divsf3.o)
 .rodata.__mulsf3
                0x0000000000006d58       0x40 d:/mounriver/mounriver_studio/toolchain/risc-v embedded gcc/bin/../lib/gcc/riscv-none-embed/8.2.0/rv32imacxw/ilp32\libgcc.a(mulsf3.o)
 .rodata.__clz_tab
                0x0000000000006d98      0x100 d:/mounriver/mounriver_studio/toolchain/risc-v embedded gcc/bin/../lib/gcc/riscv-none-embed/8.2.0/rv32imacxw/ilp32\libgcc.a(_clz.o)
                0x0000000000006d98                __clz_tab
 .rodata._printf_float.cst8
                0x0000000000006e98        0x8 d:/mounriver/mounriver_studio/toolchain/risc-v embedded gcc/bin/../lib/gcc/riscv-none-embed/8.2.0/../../../../riscv-none-embed/lib/rv32imacxw/ilp32\libg_nano.a(lib_a-nano-vfprintf_float.o)
 .rodata._printf_float.str1.4
                0x0000000000006ea0       0x12 d:/mounriver/mounriver_studio/toolchain/risc-v embedded gcc/bin/../lib/gcc/riscv-none-embed/8.2.0/../../../../riscv-none-embed/lib/rv32imacxw/ilp32\libg_nano.a(lib_a-nano-vfprintf_float.o)
 *fill*         0x0000000000006eb2        0x2 
 .rodata._printf_i.str1.4
                0x0000000000006eb4       0x25 d:/mounriver/mounriver_studio/toolchain/risc-v embedded gcc/bin/../lib/gcc/riscv-none-embed/8.2.0/../../../../riscv-none-embed/lib/rv32imacxw/ilp32\libg_nano.a(lib_a-nano-vfprintf_i.o)
 *fill*         0x0000000000006ed9        0x7 
 .rodata._dtoa_r.cst8
                0x0000000000006ee0       0x48 d:/mounriver/mounriver_studio/toolchain/risc-v embedded gcc/bin/../lib/gcc/riscv-none-embed/8.2.0/../../../../riscv-none-embed/lib/rv32imacxw/ilp32\libg_nano.a(lib_a-dtoa.o)
 .rodata._dtoa_r.str1.4
                0x0000000000006f28       0x10 d:/mounriver/mounriver_studio/toolchain/risc-v embedded gcc/bin/../lib/gcc/riscv-none-embed/8.2.0/../../../../riscv-none-embed/lib/rv32imacxw/ilp32\libg_nano.a(lib_a-dtoa.o)
                                         0x12 (size before relaxing)
 .rodata.__sf_fake_stderr
                0x0000000000006f38       0x20 d:/mounriver/mounriver_studio/toolchain/risc-v embedded gcc/bin/../lib/gcc/riscv-none-embed/8.2.0/../../../../riscv-none-embed/lib/rv32imacxw/ilp32\libg_nano.a(lib_a-findfp.o)
                0x0000000000006f38                __sf_fake_stderr
 .rodata.__sf_fake_stdin
                0x0000000000006f58       0x20 d:/mounriver/mounriver_studio/toolchain/risc-v embedded gcc/bin/../lib/gcc/riscv-none-embed/8.2.0/../../../../riscv-none-embed/lib/rv32imacxw/ilp32\libg_nano.a(lib_a-findfp.o)
                0x0000000000006f58                __sf_fake_stdin
 .rodata.__sf_fake_stdout
                0x0000000000006f78       0x20 d:/mounriver/mounriver_studio/toolchain/risc-v embedded gcc/bin/../lib/gcc/riscv-none-embed/8.2.0/../../../../riscv-none-embed/lib/rv32imacxw/ilp32\libg_nano.a(lib_a-findfp.o)
                0x0000000000006f78                __sf_fake_stdout
 .rodata.__mprec_bigtens
                0x0000000000006f98       0x28 d:/mounriver/mounriver_studio/toolchain/risc-v embedded gcc/bin/../lib/gcc/riscv-none-embed/8.2.0/../../../../riscv-none-embed/lib/rv32imacxw/ilp32\libg_nano.a(lib_a-mprec.o)
                0x0000000000006f98                __mprec_bigtens
 .rodata.__mprec_tens
                0x0000000000006fc0       0xc8 d:/mounriver/mounriver_studio/toolchain/risc-v embedded gcc/bin/../lib/gcc/riscv-none-embed/8.2.0/../../../../riscv-none-embed/lib/rv32imacxw/ilp32\libg_nano.a(lib_a-mprec.o)
                0x0000000000006fc0                __mprec_tens
 .rodata.p05.3319
                0x0000000000007088        0xc d:/mounriver/mounriver_studio/toolchain/risc-v embedded gcc/bin/../lib/gcc/riscv-none-embed/8.2.0/../../../../riscv-none-embed/lib/rv32imacxw/ilp32\libg_nano.a(lib_a-mprec.o)
 .rodata._svfprintf_r.str1.4
                0x0000000000007094       0x13 d:/mounriver/mounriver_studio/toolchain/risc-v embedded gcc/bin/../lib/gcc/riscv-none-embed/8.2.0/../../../../riscv-none-embed/lib/rv32imacxw/ilp32\libg_nano.a(lib_a-nano-svfprintf.o)
 .rodata._vfprintf_r.str1.4
                0x00000000000070a7       0x13 d:/mounriver/mounriver_studio/toolchain/risc-v embedded gcc/bin/../lib/gcc/riscv-none-embed/8.2.0/../../../../riscv-none-embed/lib/rv32imacxw/ilp32\libg_nano.a(lib_a-nano-vfprintf.o)
 *fill*         0x00000000000070a7        0x1 
 .rodata._setlocale_r.str1.4
                0x00000000000070a8        0xa d:/mounriver/mounriver_studio/toolchain/risc-v embedded gcc/bin/../lib/gcc/riscv-none-embed/8.2.0/../../../../riscv-none-embed/lib/rv32imacxw/ilp32\libg_nano.a(lib_a-locale.o)
                                          0xd (size before relaxing)
 *fill*         0x00000000000070b2        0x2 
 .rodata.str1.4
                0x00000000000070b4        0x4 d:/mounriver/mounriver_studio/toolchain/risc-v embedded gcc/bin/../lib/gcc/riscv-none-embed/8.2.0/../../../../riscv-none-embed/lib/rv32imacxw/ilp32\libg_nano.a(lib_a-locale.o)
                                          0x2 (size before relaxing)
 .rodata._ctype_
                0x00000000000070b8      0x101 d:/mounriver/mounriver_studio/toolchain/risc-v embedded gcc/bin/../lib/gcc/riscv-none-embed/8.2.0/../../../../riscv-none-embed/lib/rv32imacxw/ilp32\libg_nano.a(lib_a-ctype_.o)
                0x00000000000070b8                _ctype_
 *fill*         0x00000000000071b9        0x3 
 .rodata.__divdf3
                0x00000000000071bc       0x40 d:/mounriver/mounriver_studio/toolchain/risc-v embedded gcc/bin/../lib/gcc/riscv-none-embed/8.2.0/rv32imacxw/ilp32\libgcc.a(divdf3.o)
 *(.gnu.linkonce.t.*)
                0x00000000000071fc                . = ALIGN (0x4)

.rela.dyn       0x00000000000071fc        0x0
 .rela.init     0x00000000000071fc        0x0 ./User/src/ch32v30x_it.o
 .rela.vector   0x00000000000071fc        0x0 ./User/src/ch32v30x_it.o
 .rela.text.handle_reset
                0x00000000000071fc        0x0 ./User/src/ch32v30x_it.o
 .rela.text._sbrk
                0x00000000000071fc        0x0 ./User/src/ch32v30x_it.o
 .rela.sdata.curbrk.5218
                0x00000000000071fc        0x0 ./User/src/ch32v30x_it.o
 .rela.text._svfprintf_r
                0x00000000000071fc        0x0 ./User/src/ch32v30x_it.o
 .rela.text._vfprintf_r
                0x00000000000071fc        0x0 ./User/src/ch32v30x_it.o
 .rela.text._sbrk_r
                0x00000000000071fc        0x0 ./User/src/ch32v30x_it.o
 .rela.text._write_r
                0x00000000000071fc        0x0 ./User/src/ch32v30x_it.o
 .rela.text._close_r
                0x00000000000071fc        0x0 ./User/src/ch32v30x_it.o
 .rela.text._fstat_r
                0x00000000000071fc        0x0 ./User/src/ch32v30x_it.o
 .rela.text._isatty_r
                0x00000000000071fc        0x0 ./User/src/ch32v30x_it.o
 .rela.text._lseek_r
                0x00000000000071fc        0x0 ./User/src/ch32v30x_it.o
 .rela.text._read_r
                0x00000000000071fc        0x0 ./User/src/ch32v30x_it.o
 .rela.text._close
                0x00000000000071fc        0x0 ./User/src/ch32v30x_it.o
 .rela.text._fstat
                0x00000000000071fc        0x0 ./User/src/ch32v30x_it.o
 .rela.text._isatty
                0x00000000000071fc        0x0 ./User/src/ch32v30x_it.o
 .rela.text._lseek
                0x00000000000071fc        0x0 ./User/src/ch32v30x_it.o
 .rela.text._read
                0x00000000000071fc        0x0 ./User/src/ch32v30x_it.o

.fini           0x00000000000071fc        0x0
 *(SORT_NONE(.fini))
                0x00000000000071fc                . = ALIGN (0x4)
                [!provide]                        PROVIDE (_etext = .)
                [!provide]                        PROVIDE (_eitcm = .)

.preinit_array  0x00000000000071fc        0x0
                [!provide]                        PROVIDE (__preinit_array_start = .)
 *(.preinit_array)
                [!provide]                        PROVIDE (__preinit_array_end = .)

.init_array     0x00000000000071fc        0x0
                [!provide]                        PROVIDE (__init_array_start = .)
 *(SORT_BY_INIT_PRIORITY(.init_array.*) SORT_BY_INIT_PRIORITY(.ctors.*))
 *(.init_array EXCLUDE_FILE(*crtend?.o *crtend.o *crtbegin?.o *crtbegin.o) .ctors)
                [!provide]                        PROVIDE (__init_array_end = .)

.fini_array     0x00000000000071fc        0x0
                [!provide]                        PROVIDE (__fini_array_start = .)
 *(SORT_BY_INIT_PRIORITY(.fini_array.*) SORT_BY_INIT_PRIORITY(.dtors.*))
 *(.fini_array EXCLUDE_FILE(*crtend?.o *crtend.o *crtbegin?.o *crtbegin.o) .dtors)
                [!provide]                        PROVIDE (__fini_array_end = .)

.ctors
 *crtbegin.o(.ctors)
 *crtbegin?.o(.ctors)
 *(EXCLUDE_FILE(*crtend?.o *crtend.o) .ctors)
 *(SORT_BY_NAME(.ctors.*))
 *(.ctors)

.dtors
 *crtbegin.o(.dtors)
 *crtbegin?.o(.dtors)
 *(EXCLUDE_FILE(*crtend?.o *crtend.o) .dtors)
 *(SORT_BY_NAME(.dtors.*))
 *(.dtors)

.dalign         0x0000000020000000        0x0 load address 0x00000000000071fc
                0x0000000020000000                . = ALIGN (0x4)
                0x0000000020000000                PROVIDE (_data_vma = .)

.dlalign        0x00000000000071fc        0x0
                0x00000000000071fc                . = ALIGN (0x4)
                0x00000000000071fc                PROVIDE (_data_lma = .)

.data           0x0000000020000000      0x208 load address 0x00000000000071fc
 *(.gnu.linkonce.r.*)
 *(.data .data.*)
 .data.AHBPrescTable
                0x0000000020000000       0x10 ./User/src/system_ch32v30x.o
                0x0000000020000000                AHBPrescTable
 .data.APBAHBPrescTable
                0x0000000020000010       0x10 ./Peripheral/src/ch32v30x_rcc.o
 .data.impure_data
                0x0000000020000020       0x60 d:/mounriver/mounriver_studio/toolchain/risc-v embedded gcc/bin/../lib/gcc/riscv-none-embed/8.2.0/../../../../riscv-none-embed/lib/rv32imacxw/ilp32\libg_nano.a(lib_a-impure.o)
 .data.__global_locale
                0x0000000020000080      0x16c d:/mounriver/mounriver_studio/toolchain/risc-v embedded gcc/bin/../lib/gcc/riscv-none-embed/8.2.0/../../../../riscv-none-embed/lib/rv32imacxw/ilp32\libg_nano.a(lib_a-locale.o)
                0x0000000020000080                __global_locale
 *(.gnu.linkonce.d.*)
                0x00000000200001f0                . = ALIGN (0x8)
 *fill*         0x00000000200001ec        0x4 
                0x00000000200009f0                PROVIDE (__global_pointer$ = (. + 0x800))
 *(.sdata .sdata.*)
 .sdata.SystemCoreClock
                0x00000000200001f0        0x4 ./User/src/system_ch32v30x.o
                0x00000000200001f0                SystemCoreClock
 .sdata.ADCPrescTable
                0x00000000200001f4        0x4 ./Peripheral/src/ch32v30x_rcc.o
 .sdata.curbrk.5218
                0x00000000200001f8        0x4 ./Debug/debug.o
 .sdata._impure_ptr
                0x00000000200001fc        0x4 d:/mounriver/mounriver_studio/toolchain/risc-v embedded gcc/bin/../lib/gcc/riscv-none-embed/8.2.0/../../../../riscv-none-embed/lib/rv32imacxw/ilp32\libg_nano.a(lib_a-impure.o)
                0x00000000200001fc                _impure_ptr
 *(.sdata2.*)
 .sdata2._global_impure_ptr
                0x0000000020000200        0x4 d:/mounriver/mounriver_studio/toolchain/risc-v embedded gcc/bin/../lib/gcc/riscv-none-embed/8.2.0/../../../../riscv-none-embed/lib/rv32imacxw/ilp32\libg_nano.a(lib_a-impure.o)
                0x0000000020000200                _global_impure_ptr
 *(.gnu.linkonce.s.*)
                0x0000000020000208                . = ALIGN (0x8)
 *fill*         0x0000000020000204        0x4 
 *(.srodata.cst16)
 *(.srodata.cst8)
 *(.srodata.cst4)
 *(.srodata.cst2)
 *(.srodata .srodata.*)
                0x0000000020000208                . = ALIGN (0x4)
                0x0000000020000208                PROVIDE (_edata = .)

.bss            0x0000000020000208      0xd34 load address 0x0000000000007404
                0x0000000020000208                . = ALIGN (0x4)
                0x0000000020000208                PROVIDE (_sbss = .)
 *(.sbss*)
 .sbss.adc_val  0x0000000020000208        0x4 ./User/src/ch32v30x_it.o
                0x0000000020000208                adc_val
 .sbss.adc_val_average
                0x000000002000020c        0x4 ./User/src/ch32v30x_it.o
                0x000000002000020c                adc_val_average
 .sbss.current  0x0000000020000210        0x4 ./User/src/ch32v30x_it.o
                0x0000000020000210                current
 .sbss.i        0x0000000020000214        0x1 ./User/src/ch32v30x_it.o
                0x0000000020000214                i
 *fill*         0x0000000020000215        0x3 
 .sbss.NVIC_Priority_Group
                0x0000000020000218        0x4 ./Peripheral/src/ch32v30x_misc.o
                0x0000000020000218                NVIC_Priority_Group
 .sbss.p_ms     0x000000002000021c        0x2 ./Debug/debug.o
 .sbss.p_us     0x000000002000021e        0x1 ./Debug/debug.o
 *fill*         0x000000002000021f        0x1 
 .sbss.__malloc_free_list
                0x0000000020000220        0x4 d:/mounriver/mounriver_studio/toolchain/risc-v embedded gcc/bin/../lib/gcc/riscv-none-embed/8.2.0/../../../../riscv-none-embed/lib/rv32imacxw/ilp32\libg_nano.a(lib_a-nano-mallocr.o)
                0x0000000020000220                __malloc_free_list
 .sbss.__malloc_sbrk_start
                0x0000000020000224        0x4 d:/mounriver/mounriver_studio/toolchain/risc-v embedded gcc/bin/../lib/gcc/riscv-none-embed/8.2.0/../../../../riscv-none-embed/lib/rv32imacxw/ilp32\libg_nano.a(lib_a-nano-mallocr.o)
                0x0000000020000224                __malloc_sbrk_start
 *(.gnu.linkonce.sb.*)
 *(.bss*)
 .bss.DataBuf   0x0000000020000228       0xc8 ./User/src/dma.o
                0x0000000020000228                DataBuf
 .bss.U1_Ctrl_Struct
                0x00000000200002f0       0x60 ./User/src/usart.o
                0x00000000200002f0                U1_Ctrl_Struct
 .bss.U1_Rx_Buff
                0x0000000020000350      0x800 ./User/src/usart.o
                0x0000000020000350                U1_Rx_Buff
 .bss.U1_Tx_Buff
                0x0000000020000b50      0x3e8 ./User/src/usart.o
                0x0000000020000b50                U1_Tx_Buff
 *(.gnu.linkonce.b.*)
 *(COMMON*)
 COMMON         0x0000000020000f38        0x4 d:/mounriver/mounriver_studio/toolchain/risc-v embedded gcc/bin/../lib/gcc/riscv-none-embed/8.2.0/../../../../riscv-none-embed/lib/rv32imacxw/ilp32\libg_nano.a(lib_a-reent.o)
                0x0000000020000f38                errno
                0x0000000020000f3c                . = ALIGN (0x4)
                0x0000000020000f3c                PROVIDE (_ebss = .)
                0x0000000020000f3c                PROVIDE (_end = _ebss)
                [!provide]                        PROVIDE (end = .)

.stack          0x0000000020007800      0x800
                0x0000000020007800                PROVIDE (_heap_end = .)
                0x0000000020007800                . = ALIGN (0x4)
                [!provide]                        PROVIDE (_susrstack = .)
                0x0000000020008000                . = (. + __stack_size)
 *fill*         0x0000000020007800      0x800 
                0x0000000020008000                PROVIDE (_eusrstack = .)
OUTPUT(BSP.elf elf32-littleriscv)

.debug_info     0x0000000000000000    0x120f0
 .debug_info    0x0000000000000000     0x1356 ./User/src/ch32v30x_it.o
 .debug_info    0x0000000000001356     0x11a6 ./User/src/dma.o
 .debug_info    0x00000000000024fc     0x11af ./User/src/iic.o
 .debug_info    0x00000000000036ab      0xb7c ./User/src/main.o
 .debug_info    0x0000000000004227      0xb89 ./User/src/system_ch32v30x.o
 .debug_info    0x0000000000004db0     0x1664 ./User/src/usart.o
 .debug_info    0x0000000000006414       0x22 ./Startup/startup_ch32v30x_D8C.o
 .debug_info    0x0000000000006436      0xd16 ./Peripheral/src/ch32v30x_dma.o
 .debug_info    0x000000000000714c      0xc0d ./Peripheral/src/ch32v30x_exti.o
 .debug_info    0x0000000000007d59     0x1093 ./Peripheral/src/ch32v30x_gpio.o
 .debug_info    0x0000000000008dec      0xf72 ./Peripheral/src/ch32v30x_misc.o
 .debug_info    0x0000000000009d5e     0x156e ./Peripheral/src/ch32v30x_rcc.o
 .debug_info    0x000000000000b2cc     0x12cd ./Peripheral/src/ch32v30x_spi.o
 .debug_info    0x000000000000c599     0x2a16 ./Peripheral/src/ch32v30x_tim.o
 .debug_info    0x000000000000efaf     0x1420 ./Peripheral/src/ch32v30x_usart.o
 .debug_info    0x00000000000103cf      0xf1c ./Debug/debug.o
 .debug_info    0x00000000000112eb      0xe05 ./App/AT24CX/at24cx.o

.debug_abbrev   0x0000000000000000     0x3031
 .debug_abbrev  0x0000000000000000      0x2e6 ./User/src/ch32v30x_it.o
 .debug_abbrev  0x00000000000002e6      0x2ed ./User/src/dma.o
 .debug_abbrev  0x00000000000005d3      0x2f9 ./User/src/iic.o
 .debug_abbrev  0x00000000000008cc      0x24b ./User/src/main.o
 .debug_abbrev  0x0000000000000b17      0x2c0 ./User/src/system_ch32v30x.o
 .debug_abbrev  0x0000000000000dd7      0x38e ./User/src/usart.o
 .debug_abbrev  0x0000000000001165       0x12 ./Startup/startup_ch32v30x_D8C.o
 .debug_abbrev  0x0000000000001177      0x2fd ./Peripheral/src/ch32v30x_dma.o
 .debug_abbrev  0x0000000000001474      0x2da ./Peripheral/src/ch32v30x_exti.o
 .debug_abbrev  0x000000000000174e      0x309 ./Peripheral/src/ch32v30x_gpio.o
 .debug_abbrev  0x0000000000001a57      0x2fb ./Peripheral/src/ch32v30x_misc.o
 .debug_abbrev  0x0000000000001d52      0x351 ./Peripheral/src/ch32v30x_rcc.o
 .debug_abbrev  0x00000000000020a3      0x312 ./Peripheral/src/ch32v30x_spi.o
 .debug_abbrev  0x00000000000023b5      0x408 ./Peripheral/src/ch32v30x_tim.o
 .debug_abbrev  0x00000000000027bd      0x312 ./Peripheral/src/ch32v30x_usart.o
 .debug_abbrev  0x0000000000002acf      0x2f9 ./Debug/debug.o
 .debug_abbrev  0x0000000000002dc8      0x269 ./App/AT24CX/at24cx.o

.debug_aranges  0x0000000000000000      0x9b0
 .debug_aranges
                0x0000000000000000       0x50 ./User/src/ch32v30x_it.o
 .debug_aranges
                0x0000000000000050       0x20 ./User/src/dma.o
 .debug_aranges
                0x0000000000000070       0x50 ./User/src/iic.o
 .debug_aranges
                0x00000000000000c0       0x20 ./User/src/main.o
 .debug_aranges
                0x00000000000000e0       0x28 ./User/src/system_ch32v30x.o
 .debug_aranges
                0x0000000000000108       0x38 ./User/src/usart.o
 .debug_aranges
                0x0000000000000140       0x30 ./Startup/startup_ch32v30x_D8C.o
 .debug_aranges
                0x0000000000000170       0x60 ./Peripheral/src/ch32v30x_dma.o
 .debug_aranges
                0x00000000000001d0       0x50 ./Peripheral/src/ch32v30x_exti.o
 .debug_aranges
                0x0000000000000220       0xa8 ./Peripheral/src/ch32v30x_gpio.o
 .debug_aranges
                0x00000000000002c8       0x28 ./Peripheral/src/ch32v30x_misc.o
 .debug_aranges
                0x00000000000002f0      0x1a8 ./Peripheral/src/ch32v30x_rcc.o
 .debug_aranges
                0x0000000000000498       0xd0 ./Peripheral/src/ch32v30x_spi.o
 .debug_aranges
                0x0000000000000568      0x2d0 ./Peripheral/src/ch32v30x_tim.o
 .debug_aranges
                0x0000000000000838      0x100 ./Peripheral/src/ch32v30x_usart.o
 .debug_aranges
                0x0000000000000938       0x48 ./Debug/debug.o
 .debug_aranges
                0x0000000000000980       0x30 ./App/AT24CX/at24cx.o

.debug_ranges   0x0000000000000000      0x950
 .debug_ranges  0x0000000000000000       0x40 ./User/src/ch32v30x_it.o
 .debug_ranges  0x0000000000000040       0x10 ./User/src/dma.o
 .debug_ranges  0x0000000000000050       0x40 ./User/src/iic.o
 .debug_ranges  0x0000000000000090       0x10 ./User/src/main.o
 .debug_ranges  0x00000000000000a0       0x38 ./User/src/system_ch32v30x.o
 .debug_ranges  0x00000000000000d8       0x50 ./User/src/usart.o
 .debug_ranges  0x0000000000000128       0x28 ./Startup/startup_ch32v30x_D8C.o
 .debug_ranges  0x0000000000000150       0x50 ./Peripheral/src/ch32v30x_dma.o
 .debug_ranges  0x00000000000001a0       0x40 ./Peripheral/src/ch32v30x_exti.o
 .debug_ranges  0x00000000000001e0       0x98 ./Peripheral/src/ch32v30x_gpio.o
 .debug_ranges  0x0000000000000278       0x48 ./Peripheral/src/ch32v30x_misc.o
 .debug_ranges  0x00000000000002c0      0x198 ./Peripheral/src/ch32v30x_rcc.o
 .debug_ranges  0x0000000000000458       0xc0 ./Peripheral/src/ch32v30x_spi.o
 .debug_ranges  0x0000000000000518      0x2f0 ./Peripheral/src/ch32v30x_tim.o
 .debug_ranges  0x0000000000000808       0xf0 ./Peripheral/src/ch32v30x_usart.o
 .debug_ranges  0x00000000000008f8       0x38 ./Debug/debug.o
 .debug_ranges  0x0000000000000930       0x20 ./App/AT24CX/at24cx.o

.debug_line     0x0000000000000000     0xbc4f
 .debug_line    0x0000000000000000      0x70e ./User/src/ch32v30x_it.o
 .debug_line    0x000000000000070e      0x39c ./User/src/dma.o
 .debug_line    0x0000000000000aaa      0x794 ./User/src/iic.o
 .debug_line    0x000000000000123e      0x32b ./User/src/main.o
 .debug_line    0x0000000000001569      0x6f9 ./User/src/system_ch32v30x.o
 .debug_line    0x0000000000001c62      0x7b6 ./User/src/usart.o
 .debug_line    0x0000000000002418      0x356 ./Startup/startup_ch32v30x_D8C.o
 .debug_line    0x000000000000276e      0x973 ./Peripheral/src/ch32v30x_dma.o
 .debug_line    0x00000000000030e1      0x578 ./Peripheral/src/ch32v30x_exti.o
 .debug_line    0x0000000000003659      0xd10 ./Peripheral/src/ch32v30x_gpio.o
 .debug_line    0x0000000000004369      0x473 ./Peripheral/src/ch32v30x_misc.o
 .debug_line    0x00000000000047dc     0x192b ./Peripheral/src/ch32v30x_rcc.o
 .debug_line    0x0000000000006107      0xcd2 ./Peripheral/src/ch32v30x_spi.o
 .debug_line    0x0000000000006dd9     0x3298 ./Peripheral/src/ch32v30x_tim.o
 .debug_line    0x000000000000a071      0xfc9 ./Peripheral/src/ch32v30x_usart.o
 .debug_line    0x000000000000b03a      0x6a5 ./Debug/debug.o
 .debug_line    0x000000000000b6df      0x570 ./App/AT24CX/at24cx.o

.debug_str      0x0000000000000000     0x31d6
 .debug_str     0x0000000000000000      0x950 ./User/src/ch32v30x_it.o
                                        0x9f0 (size before relaxing)
 .debug_str     0x0000000000000950      0x74d ./User/src/dma.o
                                        0xd8a (size before relaxing)
 .debug_str     0x000000000000109d      0x1c9 ./User/src/iic.o
                                        0x815 (size before relaxing)
 .debug_str     0x0000000000001266       0x7b ./User/src/main.o
                                        0x685 (size before relaxing)
 .debug_str     0x00000000000012e1       0xf9 ./User/src/system_ch32v30x.o
                                        0x6ac (size before relaxing)
 .debug_str     0x00000000000013da      0x160 ./User/src/usart.o
                                       0x104b (size before relaxing)
 .debug_str     0x000000000000153a       0x2e ./Startup/startup_ch32v30x_D8C.o
                                         0x46 (size before relaxing)
 .debug_str     0x0000000000001568       0xde ./Peripheral/src/ch32v30x_dma.o
                                        0x7cf (size before relaxing)
 .debug_str     0x0000000000001646      0x193 ./Peripheral/src/ch32v30x_exti.o
                                        0x769 (size before relaxing)
 .debug_str     0x00000000000017d9      0x216 ./Peripheral/src/ch32v30x_gpio.o
                                        0x94d (size before relaxing)
 .debug_str     0x00000000000019ef       0xeb ./Peripheral/src/ch32v30x_misc.o
                                        0xca7 (size before relaxing)
 .debug_str     0x0000000000001ada      0x5b5 ./Peripheral/src/ch32v30x_rcc.o
                                        0xca6 (size before relaxing)
 .debug_str     0x000000000000208f      0x311 ./Peripheral/src/ch32v30x_spi.o
                                        0xa6b (size before relaxing)
 .debug_str     0x00000000000023a0      0xa82 ./Peripheral/src/ch32v30x_tim.o
                                       0x1257 (size before relaxing)
 .debug_str     0x0000000000002e22      0x30a ./Peripheral/src/ch32v30x_usart.o
                                        0xaf3 (size before relaxing)
 .debug_str     0x000000000000312c       0x6b ./Debug/debug.o
                                        0x8db (size before relaxing)
 .debug_str     0x0000000000003197       0x3f ./App/AT24CX/at24cx.o
                                        0x6d7 (size before relaxing)

.comment        0x0000000000000000       0x33
 .comment       0x0000000000000000       0x33 ./User/src/ch32v30x_it.o
                                         0x34 (size before relaxing)
 .comment       0x0000000000000033       0x34 ./User/src/dma.o
 .comment       0x0000000000000033       0x34 ./User/src/iic.o
 .comment       0x0000000000000033       0x34 ./User/src/main.o
 .comment       0x0000000000000033       0x34 ./User/src/system_ch32v30x.o
 .comment       0x0000000000000033       0x34 ./User/src/usart.o
 .comment       0x0000000000000033       0x34 ./Peripheral/src/ch32v30x_dma.o
 .comment       0x0000000000000033       0x34 ./Peripheral/src/ch32v30x_exti.o
 .comment       0x0000000000000033       0x34 ./Peripheral/src/ch32v30x_gpio.o
 .comment       0x0000000000000033       0x34 ./Peripheral/src/ch32v30x_misc.o
 .comment       0x0000000000000033       0x34 ./Peripheral/src/ch32v30x_rcc.o
 .comment       0x0000000000000033       0x34 ./Peripheral/src/ch32v30x_spi.o
 .comment       0x0000000000000033       0x34 ./Peripheral/src/ch32v30x_tim.o
 .comment       0x0000000000000033       0x34 ./Peripheral/src/ch32v30x_usart.o
 .comment       0x0000000000000033       0x34 ./Debug/debug.o
 .comment       0x0000000000000033       0x34 ./App/AT24CX/at24cx.o

.debug_frame    0x0000000000000000     0x2894
 .debug_frame   0x0000000000000000       0xc4 ./User/src/ch32v30x_it.o
 .debug_frame   0x00000000000000c4       0x34 ./User/src/dma.o
 .debug_frame   0x00000000000000f8      0x11c ./User/src/iic.o
 .debug_frame   0x0000000000000214       0x2c ./User/src/main.o
 .debug_frame   0x0000000000000240       0x3c ./User/src/system_ch32v30x.o
 .debug_frame   0x000000000000027c       0xa4 ./User/src/usart.o
 .debug_frame   0x0000000000000320       0xd8 ./Peripheral/src/ch32v30x_dma.o
 .debug_frame   0x00000000000003f8       0x90 ./Peripheral/src/ch32v30x_exti.o
 .debug_frame   0x0000000000000488      0x148 ./Peripheral/src/ch32v30x_gpio.o
 .debug_frame   0x00000000000005d0       0x30 ./Peripheral/src/ch32v30x_misc.o
 .debug_frame   0x0000000000000600      0x344 ./Peripheral/src/ch32v30x_rcc.o
 .debug_frame   0x0000000000000944      0x1a8 ./Peripheral/src/ch32v30x_spi.o
 .debug_frame   0x0000000000000aec      0x614 ./Peripheral/src/ch32v30x_tim.o
 .debug_frame   0x0000000000001100      0x204 ./Peripheral/src/ch32v30x_usart.o
 .debug_frame   0x0000000000001304       0x9c ./Debug/debug.o
 .debug_frame   0x00000000000013a0       0x8c ./App/AT24CX/at24cx.o
 .debug_frame   0x000000000000142c       0x54 d:/mounriver/mounriver_studio/toolchain/risc-v embedded gcc/bin/../lib/gcc/riscv-none-embed/8.2.0/rv32imacxw/ilp32\libgcc.a(muldf3.o)
 .debug_frame   0x0000000000001480       0x50 d:/mounriver/mounriver_studio/toolchain/risc-v embedded gcc/bin/../lib/gcc/riscv-none-embed/8.2.0/rv32imacxw/ilp32\libgcc.a(divsf3.o)
 .debug_frame   0x00000000000014d0       0x50 d:/mounriver/mounriver_studio/toolchain/risc-v embedded gcc/bin/../lib/gcc/riscv-none-embed/8.2.0/rv32imacxw/ilp32\libgcc.a(mulsf3.o)
 .debug_frame   0x0000000000001520       0x44 d:/mounriver/mounriver_studio/toolchain/risc-v embedded gcc/bin/../lib/gcc/riscv-none-embed/8.2.0/rv32imacxw/ilp32\libgcc.a(floatunsisf.o)
 .debug_frame   0x0000000000001564       0x38 d:/mounriver/mounriver_studio/toolchain/risc-v embedded gcc/bin/../lib/gcc/riscv-none-embed/8.2.0/rv32imacxw/ilp32\libgcc.a(extendsfdf2.o)
 .debug_frame   0x000000000000159c       0x20 d:/mounriver/mounriver_studio/toolchain/risc-v embedded gcc/bin/../lib/gcc/riscv-none-embed/8.2.0/rv32imacxw/ilp32\libgcc.a(truncdfsf2.o)
 .debug_frame   0x00000000000015bc       0x20 d:/mounriver/mounriver_studio/toolchain/risc-v embedded gcc/bin/../lib/gcc/riscv-none-embed/8.2.0/rv32imacxw/ilp32\libgcc.a(_clzsi2.o)
 .debug_frame   0x00000000000015dc       0xbc d:/mounriver/mounriver_studio/toolchain/risc-v embedded gcc/bin/../lib/gcc/riscv-none-embed/8.2.0/../../../../riscv-none-embed/lib/rv32imacxw/ilp32\libg_nano.a(lib_a-nano-vfprintf_float.o)
 .debug_frame   0x0000000000001698       0x8c d:/mounriver/mounriver_studio/toolchain/risc-v embedded gcc/bin/../lib/gcc/riscv-none-embed/8.2.0/../../../../riscv-none-embed/lib/rv32imacxw/ilp32\libg_nano.a(lib_a-nano-vfprintf_i.o)
 .debug_frame   0x0000000000001724       0x54 d:/mounriver/mounriver_studio/toolchain/risc-v embedded gcc/bin/../lib/gcc/riscv-none-embed/8.2.0/../../../../riscv-none-embed/lib/rv32imacxw/ilp32\libg_nano.a(lib_a-printf.o)
 .debug_frame   0x0000000000001778       0x54 d:/mounriver/mounriver_studio/toolchain/risc-v embedded gcc/bin/../lib/gcc/riscv-none-embed/8.2.0/../../../../riscv-none-embed/lib/rv32imacxw/ilp32\libg_nano.a(lib_a-puts.o)
 .debug_frame   0x00000000000017cc       0x20 d:/mounriver/mounriver_studio/toolchain/risc-v embedded gcc/bin/../lib/gcc/riscv-none-embed/8.2.0/../../../../riscv-none-embed/lib/rv32imacxw/ilp32\libg_nano.a(lib_a-strlen.o)
 .debug_frame   0x00000000000017ec       0x3c d:/mounriver/mounriver_studio/toolchain/risc-v embedded gcc/bin/../lib/gcc/riscv-none-embed/8.2.0/../../../../riscv-none-embed/lib/rv32imacxw/ilp32\libg_nano.a(lib_a-vsprintf.o)
 .debug_frame   0x0000000000001828       0x50 d:/mounriver/mounriver_studio/toolchain/risc-v embedded gcc/bin/../lib/gcc/riscv-none-embed/8.2.0/../../../../riscv-none-embed/lib/rv32imacxw/ilp32\libg_nano.a(lib_a-wbuf.o)
 .debug_frame   0x0000000000001878       0x3c d:/mounriver/mounriver_studio/toolchain/risc-v embedded gcc/bin/../lib/gcc/riscv-none-embed/8.2.0/../../../../riscv-none-embed/lib/rv32imacxw/ilp32\libg_nano.a(lib_a-wsetup.o)
 .debug_frame   0x00000000000018b4       0x98 d:/mounriver/mounriver_studio/toolchain/risc-v embedded gcc/bin/../lib/gcc/riscv-none-embed/8.2.0/../../../../riscv-none-embed/lib/rv32imacxw/ilp32\libg_nano.a(lib_a-dtoa.o)
 .debug_frame   0x000000000000194c       0x7c d:/mounriver/mounriver_studio/toolchain/risc-v embedded gcc/bin/../lib/gcc/riscv-none-embed/8.2.0/../../../../riscv-none-embed/lib/rv32imacxw/ilp32\libg_nano.a(lib_a-fflush.o)
 .debug_frame   0x00000000000019c8      0x148 d:/mounriver/mounriver_studio/toolchain/risc-v embedded gcc/bin/../lib/gcc/riscv-none-embed/8.2.0/../../../../riscv-none-embed/lib/rv32imacxw/ilp32\libg_nano.a(lib_a-findfp.o)
 .debug_frame   0x0000000000001b10       0x88 d:/mounriver/mounriver_studio/toolchain/risc-v embedded gcc/bin/../lib/gcc/riscv-none-embed/8.2.0/../../../../riscv-none-embed/lib/rv32imacxw/ilp32\libg_nano.a(lib_a-fwalk.o)
 .debug_frame   0x0000000000001b98       0x40 d:/mounriver/mounriver_studio/toolchain/risc-v embedded gcc/bin/../lib/gcc/riscv-none-embed/8.2.0/../../../../riscv-none-embed/lib/rv32imacxw/ilp32\libg_nano.a(lib_a-localeconv.o)
 .debug_frame   0x0000000000001bd8       0x64 d:/mounriver/mounriver_studio/toolchain/risc-v embedded gcc/bin/../lib/gcc/riscv-none-embed/8.2.0/../../../../riscv-none-embed/lib/rv32imacxw/ilp32\libg_nano.a(lib_a-makebuf.o)
 .debug_frame   0x0000000000001c3c       0x30 d:/mounriver/mounriver_studio/toolchain/risc-v embedded gcc/bin/../lib/gcc/riscv-none-embed/8.2.0/../../../../riscv-none-embed/lib/rv32imacxw/ilp32\libg_nano.a(lib_a-malloc.o)
 .debug_frame   0x0000000000001c6c       0x20 d:/mounriver/mounriver_studio/toolchain/risc-v embedded gcc/bin/../lib/gcc/riscv-none-embed/8.2.0/../../../../riscv-none-embed/lib/rv32imacxw/ilp32\libg_nano.a(lib_a-memchr.o)
 .debug_frame   0x0000000000001c8c       0x20 d:/mounriver/mounriver_studio/toolchain/risc-v embedded gcc/bin/../lib/gcc/riscv-none-embed/8.2.0/../../../../riscv-none-embed/lib/rv32imacxw/ilp32\libg_nano.a(lib_a-memcpy.o)
 .debug_frame   0x0000000000001cac      0x2e0 d:/mounriver/mounriver_studio/toolchain/risc-v embedded gcc/bin/../lib/gcc/riscv-none-embed/8.2.0/../../../../riscv-none-embed/lib/rv32imacxw/ilp32\libg_nano.a(lib_a-mprec.o)
 .debug_frame   0x0000000000001f8c       0x30 d:/mounriver/mounriver_studio/toolchain/risc-v embedded gcc/bin/../lib/gcc/riscv-none-embed/8.2.0/../../../../riscv-none-embed/lib/rv32imacxw/ilp32\libg_nano.a(lib_a-nano-callocr.o)
 .debug_frame   0x0000000000001fbc       0x40 d:/mounriver/mounriver_studio/toolchain/risc-v embedded gcc/bin/../lib/gcc/riscv-none-embed/8.2.0/../../../../riscv-none-embed/lib/rv32imacxw/ilp32\libg_nano.a(lib_a-nano-freer.o)
 .debug_frame   0x0000000000001ffc       0x40 d:/mounriver/mounriver_studio/toolchain/risc-v embedded gcc/bin/../lib/gcc/riscv-none-embed/8.2.0/../../../../riscv-none-embed/lib/rv32imacxw/ilp32\libg_nano.a(lib_a-nano-mallocr.o)
 .debug_frame   0x000000000000203c       0xe0 d:/mounriver/mounriver_studio/toolchain/risc-v embedded gcc/bin/../lib/gcc/riscv-none-embed/8.2.0/../../../../riscv-none-embed/lib/rv32imacxw/ilp32\libg_nano.a(lib_a-nano-svfprintf.o)
 .debug_frame   0x000000000000211c       0xd0 d:/mounriver/mounriver_studio/toolchain/risc-v embedded gcc/bin/../lib/gcc/riscv-none-embed/8.2.0/../../../../riscv-none-embed/lib/rv32imacxw/ilp32\libg_nano.a(lib_a-nano-vfprintf.o)
 .debug_frame   0x00000000000021ec       0x30 d:/mounriver/mounriver_studio/toolchain/risc-v embedded gcc/bin/../lib/gcc/riscv-none-embed/8.2.0/../../../../riscv-none-embed/lib/rv32imacxw/ilp32\libg_nano.a(lib_a-sbrkr.o)
 .debug_frame   0x000000000000221c       0xa4 d:/mounriver/mounriver_studio/toolchain/risc-v embedded gcc/bin/../lib/gcc/riscv-none-embed/8.2.0/../../../../riscv-none-embed/lib/rv32imacxw/ilp32\libg_nano.a(lib_a-stdio.o)
 .debug_frame   0x00000000000022c0       0x30 d:/mounriver/mounriver_studio/toolchain/risc-v embedded gcc/bin/../lib/gcc/riscv-none-embed/8.2.0/../../../../riscv-none-embed/lib/rv32imacxw/ilp32\libg_nano.a(lib_a-writer.o)
 .debug_frame   0x00000000000022f0       0x30 d:/mounriver/mounriver_studio/toolchain/risc-v embedded gcc/bin/../lib/gcc/riscv-none-embed/8.2.0/../../../../riscv-none-embed/lib/rv32imacxw/ilp32\libg_nano.a(lib_a-closer.o)
 .debug_frame   0x0000000000002320       0x30 d:/mounriver/mounriver_studio/toolchain/risc-v embedded gcc/bin/../lib/gcc/riscv-none-embed/8.2.0/../../../../riscv-none-embed/lib/rv32imacxw/ilp32\libg_nano.a(lib_a-fstatr.o)
 .debug_frame   0x0000000000002350       0x30 d:/mounriver/mounriver_studio/toolchain/risc-v embedded gcc/bin/../lib/gcc/riscv-none-embed/8.2.0/../../../../riscv-none-embed/lib/rv32imacxw/ilp32\libg_nano.a(lib_a-isattyr.o)
 .debug_frame   0x0000000000002380       0x78 d:/mounriver/mounriver_studio/toolchain/risc-v embedded gcc/bin/../lib/gcc/riscv-none-embed/8.2.0/../../../../riscv-none-embed/lib/rv32imacxw/ilp32\libg_nano.a(lib_a-locale.o)
 .debug_frame   0x00000000000023f8       0x30 d:/mounriver/mounriver_studio/toolchain/risc-v embedded gcc/bin/../lib/gcc/riscv-none-embed/8.2.0/../../../../riscv-none-embed/lib/rv32imacxw/ilp32\libg_nano.a(lib_a-lseekr.o)
 .debug_frame   0x0000000000002428       0x38 d:/mounriver/mounriver_studio/toolchain/risc-v embedded gcc/bin/../lib/gcc/riscv-none-embed/8.2.0/../../../../riscv-none-embed/lib/rv32imacxw/ilp32\libg_nano.a(lib_a-mbtowc_r.o)
 .debug_frame   0x0000000000002460       0x20 d:/mounriver/mounriver_studio/toolchain/risc-v embedded gcc/bin/../lib/gcc/riscv-none-embed/8.2.0/../../../../riscv-none-embed/lib/rv32imacxw/ilp32\libg_nano.a(lib_a-memmove.o)
 .debug_frame   0x0000000000002480       0x30 d:/mounriver/mounriver_studio/toolchain/risc-v embedded gcc/bin/../lib/gcc/riscv-none-embed/8.2.0/../../../../riscv-none-embed/lib/rv32imacxw/ilp32\libg_nano.a(lib_a-mlock.o)
 .debug_frame   0x00000000000024b0       0x40 d:/mounriver/mounriver_studio/toolchain/risc-v embedded gcc/bin/../lib/gcc/riscv-none-embed/8.2.0/../../../../riscv-none-embed/lib/rv32imacxw/ilp32\libg_nano.a(lib_a-nano-reallocr.o)
 .debug_frame   0x00000000000024f0       0x30 d:/mounriver/mounriver_studio/toolchain/risc-v embedded gcc/bin/../lib/gcc/riscv-none-embed/8.2.0/../../../../riscv-none-embed/lib/rv32imacxw/ilp32\libg_nano.a(lib_a-readr.o)
 .debug_frame   0x0000000000002520       0x70 d:/mounriver/mounriver_studio/toolchain/risc-v embedded gcc/bin/../lib/gcc/riscv-none-embed/8.2.0/../../../../riscv-none-embed/lib/rv32imacxw/ilp32\libg_nano.a(lib_a-reent.o)
 .debug_frame   0x0000000000002590       0x30 d:/mounriver/mounriver_studio/toolchain/risc-v embedded gcc/bin/../lib/gcc/riscv-none-embed/8.2.0/../../../../riscv-none-embed/lib/rv32imacxw/ilp32\libg_nano.a(lib_a-wctomb_r.o)
 .debug_frame   0x00000000000025c0       0x20 d:/mounriver/mounriver_studio/toolchain/risc-v embedded gcc/bin/../lib/gcc/riscv-none-embed/8.2.0/../../../../riscv-none-embed/lib/rv32imacxw/ilp32\libg_nano.a(lib_a-nano-msizer.o)
 .debug_frame   0x00000000000025e0       0x44 d:/mounriver/mounriver_studio/toolchain/risc-v embedded gcc/bin/../lib/gcc/riscv-none-embed/8.2.0/rv32imacxw/ilp32\libgcc.a(adddf3.o)
 .debug_frame   0x0000000000002624       0x50 d:/mounriver/mounriver_studio/toolchain/risc-v embedded gcc/bin/../lib/gcc/riscv-none-embed/8.2.0/rv32imacxw/ilp32\libgcc.a(divdf3.o)
 .debug_frame   0x0000000000002674       0x20 d:/mounriver/mounriver_studio/toolchain/risc-v embedded gcc/bin/../lib/gcc/riscv-none-embed/8.2.0/rv32imacxw/ilp32\libgcc.a(eqdf2.o)
 .debug_frame   0x0000000000002694       0x20 d:/mounriver/mounriver_studio/toolchain/risc-v embedded gcc/bin/../lib/gcc/riscv-none-embed/8.2.0/rv32imacxw/ilp32\libgcc.a(gedf2.o)
 .debug_frame   0x00000000000026b4       0x20 d:/mounriver/mounriver_studio/toolchain/risc-v embedded gcc/bin/../lib/gcc/riscv-none-embed/8.2.0/rv32imacxw/ilp32\libgcc.a(ledf2.o)
 .debug_frame   0x00000000000026d4       0x44 d:/mounriver/mounriver_studio/toolchain/risc-v embedded gcc/bin/../lib/gcc/riscv-none-embed/8.2.0/rv32imacxw/ilp32\libgcc.a(subdf3.o)
 .debug_frame   0x0000000000002718       0x20 d:/mounriver/mounriver_studio/toolchain/risc-v embedded gcc/bin/../lib/gcc/riscv-none-embed/8.2.0/rv32imacxw/ilp32\libgcc.a(unorddf2.o)
 .debug_frame   0x0000000000002738       0x20 d:/mounriver/mounriver_studio/toolchain/risc-v embedded gcc/bin/../lib/gcc/riscv-none-embed/8.2.0/rv32imacxw/ilp32\libgcc.a(fixdfsi.o)
 .debug_frame   0x0000000000002758       0x38 d:/mounriver/mounriver_studio/toolchain/risc-v embedded gcc/bin/../lib/gcc/riscv-none-embed/8.2.0/rv32imacxw/ilp32\libgcc.a(floatsidf.o)
 .debug_frame   0x0000000000002790       0x38 d:/mounriver/mounriver_studio/toolchain/risc-v embedded gcc/bin/../lib/gcc/riscv-none-embed/8.2.0/rv32imacxw/ilp32\libgcc.a(floatunsidf.o)
 .debug_frame   0x00000000000027c8       0x2c d:/mounriver/mounriver_studio/toolchain/risc-v embedded gcc/bin/../lib/gcc/riscv-none-embed/8.2.0/rv32imacxw/ilp32\libgcc.a(trunctfdf2.o)
 .debug_frame   0x00000000000027f4       0x20 d:/mounriver/mounriver_studio/toolchain/risc-v embedded gcc/bin/../lib/gcc/riscv-none-embed/8.2.0/../../../../riscv-none-embed/lib/rv32imacxw/ilp32\libnosys.a(close.o)
 .debug_frame   0x0000000000002814       0x20 d:/mounriver/mounriver_studio/toolchain/risc-v embedded gcc/bin/../lib/gcc/riscv-none-embed/8.2.0/../../../../riscv-none-embed/lib/rv32imacxw/ilp32\libnosys.a(fstat.o)
 .debug_frame   0x0000000000002834       0x20 d:/mounriver/mounriver_studio/toolchain/risc-v embedded gcc/bin/../lib/gcc/riscv-none-embed/8.2.0/../../../../riscv-none-embed/lib/rv32imacxw/ilp32\libnosys.a(isatty.o)
 .debug_frame   0x0000000000002854       0x20 d:/mounriver/mounriver_studio/toolchain/risc-v embedded gcc/bin/../lib/gcc/riscv-none-embed/8.2.0/../../../../riscv-none-embed/lib/rv32imacxw/ilp32\libnosys.a(lseek.o)
 .debug_frame   0x0000000000002874       0x20 d:/mounriver/mounriver_studio/toolchain/risc-v embedded gcc/bin/../lib/gcc/riscv-none-embed/8.2.0/../../../../riscv-none-embed/lib/rv32imacxw/ilp32\libnosys.a(read.o)

.debug_loc      0x0000000000000000     0x41bc
 .debug_loc     0x0000000000000000       0x3c ./User/src/dma.o
 .debug_loc     0x000000000000003c      0x11a ./User/src/iic.o
 .debug_loc     0x0000000000000156       0x21 ./User/src/main.o
 .debug_loc     0x0000000000000177       0xda ./User/src/system_ch32v30x.o
 .debug_loc     0x0000000000000251       0xca ./User/src/usart.o
 .debug_loc     0x000000000000031b      0x19a ./Peripheral/src/ch32v30x_dma.o
 .debug_loc     0x00000000000004b5      0x181 ./Peripheral/src/ch32v30x_exti.o
 .debug_loc     0x0000000000000636      0x657 ./Peripheral/src/ch32v30x_gpio.o
 .debug_loc     0x0000000000000c8d       0xce ./Peripheral/src/ch32v30x_misc.o
 .debug_loc     0x0000000000000d5b      0xadb ./Peripheral/src/ch32v30x_rcc.o
 .debug_loc     0x0000000000001836      0x598 ./Peripheral/src/ch32v30x_spi.o
 .debug_loc     0x0000000000001dce     0x195e ./Peripheral/src/ch32v30x_tim.o
 .debug_loc     0x000000000000372c      0x7bb ./Peripheral/src/ch32v30x_usart.o
 .debug_loc     0x0000000000003ee7      0x177 ./Debug/debug.o
 .debug_loc     0x000000000000405e      0x15e ./App/AT24CX/at24cx.o

.stab           0x0000000000000000       0x84
 .stab          0x0000000000000000       0x24 d:/mounriver/mounriver_studio/toolchain/risc-v embedded gcc/bin/../lib/gcc/riscv-none-embed/8.2.0/../../../../riscv-none-embed/lib/rv32imacxw/ilp32\libnosys.a(close.o)
 .stab          0x0000000000000024       0x18 d:/mounriver/mounriver_studio/toolchain/risc-v embedded gcc/bin/../lib/gcc/riscv-none-embed/8.2.0/../../../../riscv-none-embed/lib/rv32imacxw/ilp32\libnosys.a(fstat.o)
                                         0x24 (size before relaxing)
 .stab          0x000000000000003c       0x18 d:/mounriver/mounriver_studio/toolchain/risc-v embedded gcc/bin/../lib/gcc/riscv-none-embed/8.2.0/../../../../riscv-none-embed/lib/rv32imacxw/ilp32\libnosys.a(isatty.o)
                                         0x24 (size before relaxing)
 .stab          0x0000000000000054       0x18 d:/mounriver/mounriver_studio/toolchain/risc-v embedded gcc/bin/../lib/gcc/riscv-none-embed/8.2.0/../../../../riscv-none-embed/lib/rv32imacxw/ilp32\libnosys.a(lseek.o)
                                         0x24 (size before relaxing)
 .stab          0x000000000000006c       0x18 d:/mounriver/mounriver_studio/toolchain/risc-v embedded gcc/bin/../lib/gcc/riscv-none-embed/8.2.0/../../../../riscv-none-embed/lib/rv32imacxw/ilp32\libnosys.a(read.o)
                                         0x24 (size before relaxing)

.stabstr        0x0000000000000000      0x117
 .stabstr       0x0000000000000000      0x117 d:/mounriver/mounriver_studio/toolchain/risc-v embedded gcc/bin/../lib/gcc/riscv-none-embed/8.2.0/../../../../riscv-none-embed/lib/rv32imacxw/ilp32\libnosys.a(close.o)
